******************************************************************************
             TMS320C2000 Linker PC v16.9.3                     
******************************************************************************
>> Linked Tue Aug 10 11:19:14 2021

OUTPUT FILE NAME:   <nweld.out>
ENTRY POINT SYMBOL: "_c_int00"  address: 003f89df


MEMORY CONFIGURATION

         name            origin    length      used     unused   attr    fill
----------------------  --------  ---------  --------  --------  ----  --------
PAGE 0:
  RAMH0                 003f8000   00002000  00000cbc  00001344  RWIX

PAGE 1:
  RAMM0                 00000040   000003c0  00000000  000003c0  RWIX
  RAMM1                 00000400   00000400  00000400  00000000  RWIX
  DEV_EMU               00000880   00000180  000000d0  000000b0  RWIX
  FLASH_REGS            00000a80   00000060  00000008  00000058  RWIX
  CSM                   00000ae0   00000010  00000010  00000000  RWIX
  XINTF                 00000b20   00000020  00000020  00000000  RWIX
  CPU_TIMER0            00000c00   00000008  00000008  00000000  RWIX
  CPU_TIMER1            00000c08   00000008  00000008  00000000  RWIX
  CPU_TIMER2            00000c10   00000008  00000008  00000000  RWIX
  PIE_CTRL              00000ce0   00000020  0000001a  00000006  RWIX
  PIE_VECT              00000d00   00000100  00000100  00000000  RWIX
  ECANA                 00006000   00000040  00000034  0000000c  RWIX
  ECANA_LAM             00006040   00000040  00000040  00000000  RWIX
  ECANA_MOTS            00006080   00000040  00000040  00000000  RWIX
  ECANA_MOTO            000060c0   00000040  00000040  00000000  RWIX
  ECANA_MBOX            00006100   00000100  00000100  00000000  RWIX
  SYSTEM                00007010   00000020  00000020  00000000  RWIX
  SPI_A                 00007040   00000010  00000010  00000000  RWIX
  SCI_A                 00007050   00000010  00000010  00000000  RWIX
  XINTRUPT              00007070   00000010  00000010  00000000  RWIX
  GPIOMUX               000070c0   00000020  00000020  00000000  RWIX
  GPIODAT               000070e0   00000020  00000020  00000000  RWIX
  ADC                   00007100   00000020  0000001a  00000006  RWIX
  EV_A                  00007400   00000040  00000032  0000000e  RWIX
  EV_B                  00007500   00000040  00000032  0000000e  RWIX
  SPI_B                 00007740   00000010  00000000  00000010  RWIX
  SCI_B                 00007750   00000010  00000010  00000000  RWIX
  MCBSP_A               00007800   00000040  00000025  0000001b  RWIX
  RAML0                 00008000   00001000  000002e4  00000d1c  RWIX
  RAML1                 00009000   00001000  00000000  00001000  RWIX
  CSM_PWL               003f7ff8   00000008  00000008  00000000  RWIX


SECTION ALLOCATION MAP

 output                                  attributes/
section   page    origin      length       input sections
--------  ----  ----------  ----------   ----------------
.text      0    003f8000    00000c7f     
                  003f8000    00000198     lstate.obj (.text)
                  003f8198    0000017c     oled.obj (.text)
                  003f8314    00000140     DSP281x_DefaultIsr.obj (.text:retain)
                  003f8454    000000d1     Sci.obj (.text)
                  003f8525    000000b9     weld_oled.obj (.text)
                  003f85de    000000b8     main.obj (.text)
                  003f8696    0000008d     dac.obj (.text)
                  003f8723    00000087     adc.obj (.text:retain)
                  003f87aa    00000086     DSP281x_SysCtrl.obj (.text)
                  003f8830    00000083     rts2800_ml.lib : fs_div28.obj (.text)
                  003f88b3    00000078                    : fs_add28.obj (.text)
                  003f892b    0000005a     timer.obj (.text:retain)
                  003f8985    0000005a     rts2800_ml.lib : fs_mpy28.obj (.text)
                  003f89df    00000054                    : boot28.obj (.text)
                  003f8a33    0000004e     adc.obj (.text)
                  003f8a81    0000004a     DSP281x_CpuTimers.obj (.text)
                  003f8acb    0000002e     Gpio.obj (.text)
                  003f8af9    00000029     rts2800_ml.lib : exit.obj (.text)
                  003f8b22    00000028     DSP281x_PieCtrl.obj (.text)
                  003f8b4a    00000028     Sci.obj (.text:retain)
                  003f8b72    00000024     rts2800_ml.lib : cpy_tbl.obj (.text)
                  003f8b96    00000021                    : fs_toul28.obj (.text)
                  003f8bb7    00000020     DSP281x_PieVect.obj (.text)
                  003f8bd7    0000001d     rts2800_ml.lib : fs_tou28.obj (.text)
                  003f8bf4    0000001d                    : memcpy.obj (.text)
                  003f8c11    00000019                    : args_main.obj (.text)
                  003f8c2a    00000017                    : fs_cmp28.obj (.text)
                  003f8c41    00000013     Ev.obj (.text)
                  003f8c54    00000010     rts2800_ml.lib : u_tofs28.obj (.text)
                  003f8c64    0000000f     Spi.obj (.text)
                  003f8c73    00000009     rts2800_ml.lib : _lock.obj (.text)
                  003f8c7c    00000002                    : pre_init.obj (.text)
                  003f8c7e    00000001                    : startup.obj (.text)

.cinit     0    003f8c7f    0000003b     
                  003f8c7f    0000000e     rts2800_ml.lib : exit.obj (.cinit)
                  003f8c8d    0000000c     lstate.obj (.cinit)
                  003f8c99    00000008     adc.obj (.cinit)
                  003f8ca1    00000005     rts2800_ml.lib : _lock.obj (.cinit:__lock)
                  003f8ca6    00000005                    : _lock.obj (.cinit:__unlock)
                  003f8cab    00000005     main.obj (.cinit)
                  003f8cb0    00000004     Sci.obj (.cinit)
                  003f8cb4    00000004     timer.obj (.cinit)
                  003f8cb8    00000002     --HOLE-- [fill = 0]

.reset     0    003f8cba    00000002     
                  003f8cba    00000002     rts2800_ml.lib : boot28.obj (.reset)

.stack     1    00000400    00000400     UNINITIALIZED
                  00000400    00000400     --HOLE--

.bss       1    00008000    00000000     UNINITIALIZED

.econst    1    00008000    000002a4     
                  00008000    00000120     oled.obj (.econst:_CNch)
                  00008120    00000100     DSP281x_PieVect.obj (.econst:_PieVectTableInit)
                  00008220    00000080     oled.obj (.econst:.string:_BMP)
                  000082a0    00000004     DSP281x_usDelay.obj (.econst)

.ebss      1    000082a4    00000040     UNINITIALIZED
                  000082a4    00000011     Sci.obj (.ebss)
                  000082b5    00000001     --HOLE--
                  000082b6    00000008     DSP281x_CpuTimers.obj (.ebss)
                  000082be    00000002     rts2800_ml.lib : _lock.obj (.ebss:__lock)
                  000082c0    0000000c     adc.obj (.ebss)
                  000082cc    00000007     lstate.obj (.ebss)
                  000082d3    00000001     --HOLE--
                  000082d4    00000006     rts2800_ml.lib : exit.obj (.ebss)
                  000082da    00000003     main.obj (.ebss)
                  000082dd    00000001     --HOLE--
                  000082de    00000002     rts2800_ml.lib : _lock.obj (.ebss:__unlock)
                  000082e0    00000002     timer.obj (.ebss)
                  000082e2    00000002     weld_oled.obj (.ebss)

DevEmuRegsFile 
*          1    00000880    000000d0     UNINITIALIZED
                  00000880    000000d0     DSP281x_GlobalVariableDefs.obj (DevEmuRegsFile)

FlashRegsFile 
*          1    00000a80    00000008     UNINITIALIZED
                  00000a80    00000008     DSP281x_GlobalVariableDefs.obj (FlashRegsFile)

CsmRegsFile 
*          1    00000ae0    00000010     UNINITIALIZED
                  00000ae0    00000010     DSP281x_GlobalVariableDefs.obj (CsmRegsFile)

XintfRegsFile 
*          1    00000b20    00000020     UNINITIALIZED
                  00000b20    00000020     DSP281x_GlobalVariableDefs.obj (XintfRegsFile)

CpuTimer0RegsFile 
*          1    00000c00    00000008     UNINITIALIZED
                  00000c00    00000008     DSP281x_GlobalVariableDefs.obj (CpuTimer0RegsFile)

CpuTimer1RegsFile 
*          1    00000c08    00000008     UNINITIALIZED
                  00000c08    00000008     DSP281x_GlobalVariableDefs.obj (CpuTimer1RegsFile)

CpuTimer2RegsFile 
*          1    00000c10    00000008     UNINITIALIZED
                  00000c10    00000008     DSP281x_GlobalVariableDefs.obj (CpuTimer2RegsFile)

PieCtrlRegsFile 
*          1    00000ce0    0000001a     UNINITIALIZED
                  00000ce0    0000001a     DSP281x_GlobalVariableDefs.obj (PieCtrlRegsFile)

PieVectTableFile 
*          1    00000d00    00000100     UNINITIALIZED
                  00000d00    00000100     DSP281x_GlobalVariableDefs.obj (PieVectTableFile)

ECanaRegsFile 
*          1    00006000    00000034     UNINITIALIZED
                  00006000    00000034     DSP281x_GlobalVariableDefs.obj (ECanaRegsFile)

ECanaLAMRegsFile 
*          1    00006040    00000040     UNINITIALIZED
                  00006040    00000040     DSP281x_GlobalVariableDefs.obj (ECanaLAMRegsFile)

ECanaMOTSRegsFile 
*          1    00006080    00000040     UNINITIALIZED
                  00006080    00000040     DSP281x_GlobalVariableDefs.obj (ECanaMOTSRegsFile)

ECanaMOTORegsFile 
*          1    000060c0    00000040     UNINITIALIZED
                  000060c0    00000040     DSP281x_GlobalVariableDefs.obj (ECanaMOTORegsFile)

ECanaMboxesFile 
*          1    00006100    00000100     UNINITIALIZED
                  00006100    00000100     DSP281x_GlobalVariableDefs.obj (ECanaMboxesFile)

SysCtrlRegsFile 
*          1    00007010    00000020     UNINITIALIZED
                  00007010    00000020     DSP281x_GlobalVariableDefs.obj (SysCtrlRegsFile)

SpiaRegsFile 
*          1    00007040    00000010     UNINITIALIZED
                  00007040    00000010     DSP281x_GlobalVariableDefs.obj (SpiaRegsFile)

SciaRegsFile 
*          1    00007050    00000010     UNINITIALIZED
                  00007050    00000010     DSP281x_GlobalVariableDefs.obj (SciaRegsFile)

XIntruptRegsFile 
*          1    00007070    00000010     UNINITIALIZED
                  00007070    00000010     DSP281x_GlobalVariableDefs.obj (XIntruptRegsFile)

GpioMuxRegsFile 
*          1    000070c0    00000020     UNINITIALIZED
                  000070c0    00000020     DSP281x_GlobalVariableDefs.obj (GpioMuxRegsFile)

GpioDataRegsFile 
*          1    000070e0    00000020     UNINITIALIZED
                  000070e0    00000020     DSP281x_GlobalVariableDefs.obj (GpioDataRegsFile)

AdcRegsFile 
*          1    00007100    0000001a     UNINITIALIZED
                  00007100    0000001a     DSP281x_GlobalVariableDefs.obj (AdcRegsFile)

EvaRegsFile 
*          1    00007400    00000032     UNINITIALIZED
                  00007400    00000032     DSP281x_GlobalVariableDefs.obj (EvaRegsFile)

EvbRegsFile 
*          1    00007500    00000032     UNINITIALIZED
                  00007500    00000032     DSP281x_GlobalVariableDefs.obj (EvbRegsFile)

ScibRegsFile 
*          1    00007750    00000010     UNINITIALIZED
                  00007750    00000010     DSP281x_GlobalVariableDefs.obj (ScibRegsFile)

McbspaRegsFile 
*          1    00007800    00000025     UNINITIALIZED
                  00007800    00000025     DSP281x_GlobalVariableDefs.obj (McbspaRegsFile)

CsmPwlFile 
*          1    003f7ff8    00000008     UNINITIALIZED
                  003f7ff8    00000008     DSP281x_GlobalVariableDefs.obj (CsmPwlFile)

MODULE SUMMARY

       Module                           code   initialized data   uninitialized data
       ------                           ----   ----------------   ------------------
    .\
       DSP281x_GlobalVariableDefs.obj   0      0                  1401              
       lstate.obj                       408    12                 7                 
       DSP281x_DefaultIsr.obj           320    0                  0                 
       DSP281x_PieVect.obj              32     256                0                 
       Sci.obj                          249    4                  17                
       adc.obj                          213    8                  12                
       main.obj                         184    5                  3                 
       dac.obj                          141    0                  0                 
       DSP281x_SysCtrl.obj              134    0                  0                 
       timer.obj                        90     4                  2                 
       DSP281x_CpuTimers.obj            74     0                  8                 
       Gpio.obj                         46     0                  0                 
       DSP281x_PieCtrl.obj              40     0                  0                 
       Ev.obj                           19     0                  0                 
       Spi.obj                          15     0                  0                 
       DSP281x_usDelay.obj              4      0                  0                 
    +--+--------------------------------+------+------------------+--------------------+
       Total:                           1969   289                1450              
                                                                                    
    .\OLED\
       oled.obj                         380    416                0                 
       weld_oled.obj                    185    0                  2                 
    +--+--------------------------------+------+------------------+--------------------+
       Total:                           565    416                2                 
                                                                                    
    C:\ti\ccsv7\tools\compiler\ti-cgt-c2000_16.9.3.LTS\lib\rts2800_ml.lib
       fs_div28.obj                     131    0                  0                 
       fs_add28.obj                     120    0                  0                 
       fs_mpy28.obj                     90     0                  0                 
       boot28.obj                       84     2                  0                 
       exit.obj                         41     14                 6                 
       cpy_tbl.obj                      36     0                  0                 
       fs_toul28.obj                    33     0                  0                 
       fs_tou28.obj                     29     0                  0                 
       memcpy.obj                       29     0                  0                 
       args_main.obj                    25     0                  0                 
       _lock.obj                        9      10                 4                 
       fs_cmp28.obj                     23     0                  0                 
       u_tofs28.obj                     16     0                  0                 
       pre_init.obj                     2      0                  0                 
       startup.obj                      1      0                  0                 
    +--+--------------------------------+------+------------------+--------------------+
       Total:                           669    26                 10                
                                                                                    
       Stack:                           0      0                  1024              
    +--+--------------------------------+------+------------------+--------------------+
       Grand Total:                     3203   731                2486              


GLOBAL DATA SYMBOLS: SORTED BY DATA PAGE

address     data page           name
--------    ----------------    ----
00000400      10 (00000400)     __stack

00000880      22 (00000880)     _DevEmuRegs

00000a80      2a (00000a80)     _FlashRegs

00000ae0      2b (00000ac0)     _CsmRegs

00000b20      2c (00000b00)     _XintfRegs

00000c00      30 (00000c00)     _CpuTimer0Regs
00000c08      30 (00000c00)     _CpuTimer1Regs
00000c10      30 (00000c00)     _CpuTimer2Regs

00000ce0      33 (00000cc0)     _PieCtrlRegs

00000d00      34 (00000d00)     _PieVectTable

00006000     180 (00006000)     _ECanaRegs

00006040     181 (00006040)     _ECanaLAMRegs

00006080     182 (00006080)     _ECanaMOTSRegs

000060c0     183 (000060c0)     _ECanaMOTORegs

00006100     184 (00006100)     _ECanaMboxes

00007010     1c0 (00007000)     _SysCtrlRegs

00007040     1c1 (00007040)     _SpiaRegs
00007050     1c1 (00007040)     _SciaRegs
00007070     1c1 (00007040)     _XIntruptRegs

000070c0     1c3 (000070c0)     _GpioMuxRegs
000070e0     1c3 (000070c0)     _GpioDataRegs

00007100     1c4 (00007100)     _AdcRegs

00007400     1d0 (00007400)     _EvaRegs

00007500     1d4 (00007500)     _EvbRegs

00007750     1dd (00007740)     _ScibRegs

00007800     1e0 (00007800)     _McbspaRegs

00008000     200 (00008000)     _CNch

00008120     204 (00008100)     _PieVectTableInit

00008220     208 (00008200)     _BMP

000082a0     20a (00008280)     _DSP28x_usDelay
000082b6     20a (00008280)     _CpuTimer0
000082be     20a (00008280)     __lock

000082c0     20b (000082c0)     _adcFLAG
000082c2     20b (000082c0)     _adcPD
000082d4     20b (000082c0)     ___TI_enable_exit_profile_output
000082d6     20b (000082c0)     ___TI_cleanup_ptr
000082d8     20b (000082c0)     ___TI_dtors_ptr
000082de     20b (000082c0)     __unlock
000082e0     20b (000082c0)     _mFlag
000082e1     20b (000082c0)     _tmCount

003f7ff8    fdff (003f7fc0)     _CsmPwl


GLOBAL SYMBOLS: SORTED ALPHABETICALLY BY Name 

page  address   name                            
----  -------   ----                            
1     00008000  .bss                            
0     003f8000  .text                           
0     003f8af9  C$$EXIT                         
0     003f88b8  FS$$ADD                         
0     003f8c2a  FS$$CMP                         
0     003f8830  FS$$DIV                         
0     003f8985  FS$$MPY                         
0     003f88b3  FS$$SUB                         
0     003f8bd7  FS$$TOU                         
0     003f8b96  FS$$TOUL                        
0     003f8c54  U$$TOFS                         
0     003f8723  _ADCINT_ISR                     
1     00007100  _AdcRegs                        
1     00008220  _BMP                            
0     003f83c3  _CAPINT1_ISR                    
0     003f83c8  _CAPINT2_ISR                    
0     003f83cd  _CAPINT3_ISR                    
0     003f8409  _CAPINT4_ISR                    
0     003f840e  _CAPINT5_ISR                    
0     003f8413  _CAPINT6_ISR                    
0     003f838c  _CMP1INT_ISR                    
0     003f8391  _CMP2INT_ISR                    
0     003f8396  _CMP3INT_ISR                    
0     003f83d2  _CMP4INT_ISR                    
0     003f83d7  _CMP5INT_ISR                    
0     003f83dc  _CMP6INT_ISR                    
1     00008000  _CNch                           
0     003f8a98  _ConfigCpuTimer                 
1     000082b6  _CpuTimer0                      
1     00000c00  _CpuTimer0Regs                  
1     00000c08  _CpuTimer1Regs                  
1     00000c10  _CpuTimer2Regs                  
1     003f7ff8  _CsmPwl                         
1     00000ae0  _CsmRegs                        
0     003f87ff  _CsmUnlock                      
0     003f831e  _DATALOG_ISR                    
1     000082a0  _DSP28x_usDelay                 
1     00000880  _DevEmuRegs                     
0     003f87bc  _DisableDog                     
0     003f8000  _DispOLED                       
0     003f843b  _ECAN0INTA_ISR                  
0     003f8440  _ECAN1INTA_ISR                  
1     00006040  _ECanaLAMRegs                   
1     000060c0  _ECanaMOTORegs                  
1     00006080  _ECanaMOTSRegs                  
1     00006100  _ECanaMboxes                    
1     00006000  _ECanaRegs                      
0     003f8445  _EMPTY_ISR                      
0     003f8328  _EMUINT_ISR                     
0     003f8b41  _EnableInterrupts               
1     00007400  _EvaRegs                        
1     00007500  _EvbRegs                        
1     00000a80  _FlashRegs                      
0     003f812e  _FreeTrig                       
1     000070e0  _GpioDataRegs                   
1     000070c0  _GpioMuxRegs                    
0     003f8142  _HoldTrig                       
0     003f8332  _ILLEGAL_ISR                    
0     003f8314  _INT13_ISR                      
0     003f8319  _INT14_ISR                      
0     003f8a33  _InitAdc                        
0     003f8a81  _InitCpuTimers                  
0     003f8c41  _InitEv                         
0     003f8acb  _InitGpio                       
0     003f87e5  _InitPeripheralClocks           
0     003f8b22  _InitPieCtrl                    
0     003f8bb7  _InitPieVectTable               
0     003f87c4  _InitPll                        
0     003f8454  _InitSci                        
0     003f8c64  _InitSpi                        
0     003f87aa  _InitSysCtrl                    
0     003f87b2  _KickDog                        
0     003f810e  _LasFall                        
0     003f8096  _LasFreq                        
0     003f80e8  _LasRise                        
0     003f8422  _MRINTA_ISR                     
0     003f8427  _MXINTA_ISR                     
1     00007800  _McbspaRegs                     
0     003f800b  _ModuRed                        
0     003f832d  _NMI_ISR                        
0     003f8373  _PDPINTA_ISR                    
0     003f8378  _PDPINTB_ISR                    
0     003f844a  _PIE_RESERVED                   
1     00000ce0  _PieCtrlRegs                    
1     00000d00  _PieVectTable                   
1     00008120  _PieVectTableInit               
0     003f8167  _PressTrig                      
0     003f8323  _RTOSINT_ISR                    
0     003f8517  _ReceiceData                    
n/a   UNDEFED   _ReceiveData                    
0     003f818d  _RelaxTrig                      
0     003f8b4a  _SCIRXINTA_ISR                  
0     003f8431  _SCIRXINTB_ISR                  
0     003f842c  _SCITXINTA_ISR                  
0     003f8436  _SCITXINTB_ISR                  
0     003f8418  _SPIRXINTA_ISR                  
0     003f841d  _SPITXINTA_ISR                  
1     00007050  _SciaRegs                       
1     00007750  _ScibRegs                       
1     00007040  _SpiaRegs                       
1     00007010  _SysCtrlRegs                    
0     003f83a0  _T1CINT_ISR                     
0     003f83aa  _T1OFINT_ISR                    
0     003f839b  _T1PINT_ISR                     
0     003f83a5  _T1UFINT_ISR                    
0     003f83b4  _T2CINT_ISR                     
0     003f83be  _T2OFINT_ISR                    
0     003f83af  _T2PINT_ISR                     
0     003f83b9  _T2UFINT_ISR                    
0     003f83e6  _T3CINT_ISR                     
0     003f83f0  _T3OFINT_ISR                    
0     003f83e1  _T3PINT_ISR                     
0     003f83eb  _T3UFINT_ISR                    
0     003f83fa  _T4CINT_ISR                     
0     003f8404  _T4OFINT_ISR                    
0     003f83f5  _T4PINT_ISR                     
0     003f83ff  _T4UFINT_ISR                    
0     003f892b  _TINT0_ISR                      
0     003f8364  _USER10_ISR                     
0     003f8369  _USER11_ISR                     
0     003f836e  _USER12_ISR                     
0     003f8337  _USER1_ISR                      
0     003f833c  _USER2_ISR                      
0     003f8341  _USER3_ISR                      
0     003f8346  _USER4_ISR                      
0     003f834b  _USER5_ISR                      
0     003f8350  _USER6_ISR                      
0     003f8355  _USER7_ISR                      
0     003f835a  _USER8_ISR                      
0     003f835f  _USER9_ISR                      
0     003f8387  _WAKEINT_ISR                    
0     003f837d  _XINT1_ISR                      
0     003f8382  _XINT2_ISR                      
1     00007070  _XIntruptRegs                   
1     00000b20  _XintfRegs                      
1     00000800  __STACK_END                     
abs   00000400  __STACK_SIZE                    
1     000082d6  ___TI_cleanup_ptr               
1     000082d8  ___TI_dtors_ptr                 
1     000082d4  ___TI_enable_exit_profile_output
abs   ffffffff  ___TI_pprof_out_hndl            
abs   ffffffff  ___TI_prof_data_size            
abs   ffffffff  ___TI_prof_data_start           
abs   ffffffff  ___binit__                      
1     00008000  ___bss__                        
abs   ffffffff  ___c_args__                     
0     003f8c7f  ___cinit__                      
1     00008000  ___end__                        
0     003f8c7f  ___etext__                      
abs   ffffffff  ___pinit__                      
0     003f8000  ___text__                       
0     003f8c11  __args_main                     
1     000082be  __lock                          
0     003f8c7b  __nop                           
0     003f8c77  __register_lock                 
0     003f8c73  __register_unlock               
1     00000400  __stack                         
0     003f8c7e  __system_post_cinit             
0     003f8c7c  __system_pre_init               
1     000082de  __unlock                        
0     003f8af9  _abort                          
0     003f84aa  _ack_send                       
1     000082c0  _adcFLAG                        
1     000082c2  _adcPD                          
0     003f89df  _c_int00                        
0     003f86cf  _cfg_t5638                      
0     003f867e  _check_keystate                 
0     003f822c  _com_header                     
0     003f8b72  _copy_in                        
0     003f84d6  _decodeSciCmd                   
0     003f8525  _drawDottedFrame                
0     003f853c  _drawSolidFrame                 
0     003f8afb  _exit                           
0     003f81c5  _iic_ack                        
0     003f8198  _iic_start                      
0     003f81b0  _iic_stop                       
0     003f8643  _init_state                     
0     003f8652  _isKeyFixed                     
1     000082e0  _mFlag                          
0     003f85de  _main                           
0     003f8bf4  _memcpy                         
0     003f8297  _oled_clear                     
0     003f82ea  _oled_drawBMP                   
0     003f82b1  _oled_init                      
0     003f828d  _oled_off                       
0     003f827d  _oled_on                        
0     003f82b6  _oled_showChinese               
0     003f847d  _rsp_ACK                        
0     003f844f  _rsvd_ISR                       
0     003f81d6  _send_byte                      
0     003f8201  _send_byte_inv                  
0     003f826a  _set_position                   
1     000082e1  _tmCount                        
0     003f86e6  _volt2Code                      
0     003f856b  _wk_disable                     
0     003f8594  _wk_norefl                      
0     003f8584  _wk_pilot                       
0     003f85a8  _wk_power                       
0     003f854a  _wk_startup                     
0     003f8628  _work                           
0     003f86fa  _wr_2chip                       
0     003f8696  _wr_t5638                       
0     003f8234  _write_cmd                      
0     003f8246  _write_data                     
0     003f8258  _write_data_inv                 
abs   ffffffff  binit                           
0     003f8c7f  cinit                           
1     00008000  end                             
0     003f8c7f  etext                           
abs   ffffffff  pinit                           


GLOBAL SYMBOLS: SORTED BY Symbol Address 

page  address   name                            
----  -------   ----                            
0     003f8000  .text                           
0     003f8000  _DispOLED                       
0     003f8000  ___text__                       
0     003f800b  _ModuRed                        
0     003f8096  _LasFreq                        
0     003f80e8  _LasRise                        
0     003f810e  _LasFall                        
0     003f812e  _FreeTrig                       
0     003f8142  _HoldTrig                       
0     003f8167  _PressTrig                      
0     003f818d  _RelaxTrig                      
0     003f8198  _iic_start                      
0     003f81b0  _iic_stop                       
0     003f81c5  _iic_ack                        
0     003f81d6  _send_byte                      
0     003f8201  _send_byte_inv                  
0     003f822c  _com_header                     
0     003f8234  _write_cmd                      
0     003f8246  _write_data                     
0     003f8258  _write_data_inv                 
0     003f826a  _set_position                   
0     003f827d  _oled_on                        
0     003f828d  _oled_off                       
0     003f8297  _oled_clear                     
0     003f82b1  _oled_init                      
0     003f82b6  _oled_showChinese               
0     003f82ea  _oled_drawBMP                   
0     003f8314  _INT13_ISR                      
0     003f8319  _INT14_ISR                      
0     003f831e  _DATALOG_ISR                    
0     003f8323  _RTOSINT_ISR                    
0     003f8328  _EMUINT_ISR                     
0     003f832d  _NMI_ISR                        
0     003f8332  _ILLEGAL_ISR                    
0     003f8337  _USER1_ISR                      
0     003f833c  _USER2_ISR                      
0     003f8341  _USER3_ISR                      
0     003f8346  _USER4_ISR                      
0     003f834b  _USER5_ISR                      
0     003f8350  _USER6_ISR                      
0     003f8355  _USER7_ISR                      
0     003f835a  _USER8_ISR                      
0     003f835f  _USER9_ISR                      
0     003f8364  _USER10_ISR                     
0     003f8369  _USER11_ISR                     
0     003f836e  _USER12_ISR                     
0     003f8373  _PDPINTA_ISR                    
0     003f8378  _PDPINTB_ISR                    
0     003f837d  _XINT1_ISR                      
0     003f8382  _XINT2_ISR                      
0     003f8387  _WAKEINT_ISR                    
0     003f838c  _CMP1INT_ISR                    
0     003f8391  _CMP2INT_ISR                    
0     003f8396  _CMP3INT_ISR                    
0     003f839b  _T1PINT_ISR                     
0     003f83a0  _T1CINT_ISR                     
0     003f83a5  _T1UFINT_ISR                    
0     003f83aa  _T1OFINT_ISR                    
0     003f83af  _T2PINT_ISR                     
0     003f83b4  _T2CINT_ISR                     
0     003f83b9  _T2UFINT_ISR                    
0     003f83be  _T2OFINT_ISR                    
0     003f83c3  _CAPINT1_ISR                    
0     003f83c8  _CAPINT2_ISR                    
0     003f83cd  _CAPINT3_ISR                    
0     003f83d2  _CMP4INT_ISR                    
0     003f83d7  _CMP5INT_ISR                    
0     003f83dc  _CMP6INT_ISR                    
0     003f83e1  _T3PINT_ISR                     
0     003f83e6  _T3CINT_ISR                     
0     003f83eb  _T3UFINT_ISR                    
0     003f83f0  _T3OFINT_ISR                    
0     003f83f5  _T4PINT_ISR                     
0     003f83fa  _T4CINT_ISR                     
0     003f83ff  _T4UFINT_ISR                    
0     003f8404  _T4OFINT_ISR                    
0     003f8409  _CAPINT4_ISR                    
0     003f840e  _CAPINT5_ISR                    
0     003f8413  _CAPINT6_ISR                    
0     003f8418  _SPIRXINTA_ISR                  
0     003f841d  _SPITXINTA_ISR                  
0     003f8422  _MRINTA_ISR                     
0     003f8427  _MXINTA_ISR                     
0     003f842c  _SCITXINTA_ISR                  
0     003f8431  _SCIRXINTB_ISR                  
0     003f8436  _SCITXINTB_ISR                  
0     003f843b  _ECAN0INTA_ISR                  
0     003f8440  _ECAN1INTA_ISR                  
0     003f8445  _EMPTY_ISR                      
0     003f844a  _PIE_RESERVED                   
0     003f844f  _rsvd_ISR                       
0     003f8454  _InitSci                        
0     003f847d  _rsp_ACK                        
0     003f84aa  _ack_send                       
0     003f84d6  _decodeSciCmd                   
0     003f8517  _ReceiceData                    
0     003f8525  _drawDottedFrame                
0     003f853c  _drawSolidFrame                 
0     003f854a  _wk_startup                     
0     003f856b  _wk_disable                     
0     003f8584  _wk_pilot                       
0     003f8594  _wk_norefl                      
0     003f85a8  _wk_power                       
0     003f85de  _main                           
0     003f8628  _work                           
0     003f8643  _init_state                     
0     003f8652  _isKeyFixed                     
0     003f867e  _check_keystate                 
0     003f8696  _wr_t5638                       
0     003f86cf  _cfg_t5638                      
0     003f86e6  _volt2Code                      
0     003f86fa  _wr_2chip                       
0     003f8723  _ADCINT_ISR                     
0     003f87aa  _InitSysCtrl                    
0     003f87b2  _KickDog                        
0     003f87bc  _DisableDog                     
0     003f87c4  _InitPll                        
0     003f87e5  _InitPeripheralClocks           
0     003f87ff  _CsmUnlock                      
0     003f8830  FS$$DIV                         
0     003f88b3  FS$$SUB                         
0     003f88b8  FS$$ADD                         
0     003f892b  _TINT0_ISR                      
0     003f8985  FS$$MPY                         
0     003f89df  _c_int00                        
0     003f8a33  _InitAdc                        
0     003f8a81  _InitCpuTimers                  
0     003f8a98  _ConfigCpuTimer                 
0     003f8acb  _InitGpio                       
0     003f8af9  C$$EXIT                         
0     003f8af9  _abort                          
0     003f8afb  _exit                           
0     003f8b22  _InitPieCtrl                    
0     003f8b41  _EnableInterrupts               
0     003f8b4a  _SCIRXINTA_ISR                  
0     003f8b72  _copy_in                        
0     003f8b96  FS$$TOUL                        
0     003f8bb7  _InitPieVectTable               
0     003f8bd7  FS$$TOU                         
0     003f8bf4  _memcpy                         
0     003f8c11  __args_main                     
0     003f8c2a  FS$$CMP                         
0     003f8c41  _InitEv                         
0     003f8c54  U$$TOFS                         
0     003f8c64  _InitSpi                        
0     003f8c73  __register_unlock               
0     003f8c77  __register_lock                 
0     003f8c7b  __nop                           
0     003f8c7c  __system_pre_init               
0     003f8c7e  __system_post_cinit             
0     003f8c7f  ___cinit__                      
0     003f8c7f  ___etext__                      
0     003f8c7f  cinit                           
0     003f8c7f  etext                           
1     00000400  __stack                         
1     00000800  __STACK_END                     
1     00000880  _DevEmuRegs                     
1     00000a80  _FlashRegs                      
1     00000ae0  _CsmRegs                        
1     00000b20  _XintfRegs                      
1     00000c00  _CpuTimer0Regs                  
1     00000c08  _CpuTimer1Regs                  
1     00000c10  _CpuTimer2Regs                  
1     00000ce0  _PieCtrlRegs                    
1     00000d00  _PieVectTable                   
1     00006000  _ECanaRegs                      
1     00006040  _ECanaLAMRegs                   
1     00006080  _ECanaMOTSRegs                  
1     000060c0  _ECanaMOTORegs                  
1     00006100  _ECanaMboxes                    
1     00007010  _SysCtrlRegs                    
1     00007040  _SpiaRegs                       
1     00007050  _SciaRegs                       
1     00007070  _XIntruptRegs                   
1     000070c0  _GpioMuxRegs                    
1     000070e0  _GpioDataRegs                   
1     00007100  _AdcRegs                        
1     00007400  _EvaRegs                        
1     00007500  _EvbRegs                        
1     00007750  _ScibRegs                       
1     00007800  _McbspaRegs                     
1     00008000  .bss                            
1     00008000  _CNch                           
1     00008000  ___bss__                        
1     00008000  ___end__                        
1     00008000  end                             
1     00008120  _PieVectTableInit               
1     00008220  _BMP                            
1     000082a0  _DSP28x_usDelay                 
1     000082b6  _CpuTimer0                      
1     000082be  __lock                          
1     000082c0  _adcFLAG                        
1     000082c2  _adcPD                          
1     000082d4  ___TI_enable_exit_profile_output
1     000082d6  ___TI_cleanup_ptr               
1     000082d8  ___TI_dtors_ptr                 
1     000082de  __unlock                        
1     000082e0  _mFlag                          
1     000082e1  _tmCount                        
1     003f7ff8  _CsmPwl                         
abs   00000400  __STACK_SIZE                    
abs   ffffffff  ___TI_pprof_out_hndl            
abs   ffffffff  ___TI_prof_data_size            
abs   ffffffff  ___TI_prof_data_start           
abs   ffffffff  ___binit__                      
abs   ffffffff  ___c_args__                     
abs   ffffffff  ___pinit__                      
abs   ffffffff  binit                           
abs   ffffffff  pinit                           
n/a   UNDEFED   _ReceiveData                    

[210 symbols]
