<?xml version="1.0"?>
<link_info>
   <banner>TMS320C2000 Linker PC v16.9.3.LTS</banner>
   <copyright>Copyright (c) 1996-2017 Texas Instruments Incorporated</copyright>
   <link_time>0x6111f032</link_time>
   <link_errors>0x1</link_errors>
   <output_file>nweld.out</output_file>
   <entry_point>
      <name>_c_int00</name>
      <address>0x3f89df</address>
   </entry_point>
   <input_file_list>
      <input_file id="fl-2">
         <path>.\</path>
         <kind>object</kind>
         <file>DSP281x_CpuTimers.obj</file>
         <name>DSP281x_CpuTimers.obj</name>
      </input_file>
      <input_file id="fl-3">
         <path>.\</path>
         <kind>object</kind>
         <file>DSP281x_DefaultIsr.obj</file>
         <name>DSP281x_DefaultIsr.obj</name>
      </input_file>
      <input_file id="fl-4">
         <path>.\</path>
         <kind>object</kind>
         <file>DSP281x_GlobalVariableDefs.obj</file>
         <name>DSP281x_GlobalVariableDefs.obj</name>
      </input_file>
      <input_file id="fl-5">
         <path>.\</path>
         <kind>object</kind>
         <file>DSP281x_PieCtrl.obj</file>
         <name>DSP281x_PieCtrl.obj</name>
      </input_file>
      <input_file id="fl-6">
         <path>.\</path>
         <kind>object</kind>
         <file>DSP281x_PieVect.obj</file>
         <name>DSP281x_PieVect.obj</name>
      </input_file>
      <input_file id="fl-7">
         <path>.\</path>
         <kind>object</kind>
         <file>DSP281x_SysCtrl.obj</file>
         <name>DSP281x_SysCtrl.obj</name>
      </input_file>
      <input_file id="fl-8">
         <path>.\</path>
         <kind>object</kind>
         <file>DSP281x_usDelay.obj</file>
         <name>DSP281x_usDelay.obj</name>
      </input_file>
      <input_file id="fl-9">
         <path>.\</path>
         <kind>object</kind>
         <file>Ev.obj</file>
         <name>Ev.obj</name>
      </input_file>
      <input_file id="fl-a">
         <path>.\</path>
         <kind>object</kind>
         <file>Gpio.obj</file>
         <name>Gpio.obj</name>
      </input_file>
      <input_file id="fl-b">
         <path>.\</path>
         <kind>object</kind>
         <file>Sci.obj</file>
         <name>Sci.obj</name>
      </input_file>
      <input_file id="fl-c">
         <path>.\</path>
         <kind>object</kind>
         <file>Spi.obj</file>
         <name>Spi.obj</name>
      </input_file>
      <input_file id="fl-d">
         <path>.\</path>
         <kind>object</kind>
         <file>adc.obj</file>
         <name>adc.obj</name>
      </input_file>
      <input_file id="fl-e">
         <path>.\</path>
         <kind>object</kind>
         <file>dac.obj</file>
         <name>dac.obj</name>
      </input_file>
      <input_file id="fl-f">
         <path>.\</path>
         <kind>object</kind>
         <file>lstate.obj</file>
         <name>lstate.obj</name>
      </input_file>
      <input_file id="fl-10">
         <path>.\</path>
         <kind>object</kind>
         <file>main.obj</file>
         <name>main.obj</name>
      </input_file>
      <input_file id="fl-11">
         <path>.\</path>
         <kind>object</kind>
         <file>timer.obj</file>
         <name>timer.obj</name>
      </input_file>
      <input_file id="fl-12">
         <path>.\OLED\</path>
         <kind>object</kind>
         <file>oled.obj</file>
         <name>oled.obj</name>
      </input_file>
      <input_file id="fl-13">
         <path>.\OLED\</path>
         <kind>object</kind>
         <file>weld_oled.obj</file>
         <name>weld_oled.obj</name>
      </input_file>
      <input_file id="fl-17">
         <kind>object</kind>
         <file>&lt;internal&gt;</file>
         <name>&lt;internal&gt;</name>
      </input_file>
      <input_file id="fl-25">
         <path>C:\ti\ccsv7\tools\compiler\ti-cgt-c2000_16.9.3.LTS\lib\</path>
         <kind>archive</kind>
         <file>rts2800_ml.lib</file>
         <name>boot28.obj</name>
      </input_file>
      <input_file id="fl-26">
         <path>C:\ti\ccsv7\tools\compiler\ti-cgt-c2000_16.9.3.LTS\lib\</path>
         <kind>archive</kind>
         <file>rts2800_ml.lib</file>
         <name>cpy_tbl.obj</name>
      </input_file>
      <input_file id="fl-27">
         <path>C:\ti\ccsv7\tools\compiler\ti-cgt-c2000_16.9.3.LTS\lib\</path>
         <kind>archive</kind>
         <file>rts2800_ml.lib</file>
         <name>exit.obj</name>
      </input_file>
      <input_file id="fl-28">
         <path>C:\ti\ccsv7\tools\compiler\ti-cgt-c2000_16.9.3.LTS\lib\</path>
         <kind>archive</kind>
         <file>rts2800_ml.lib</file>
         <name>fs_add28.obj</name>
      </input_file>
      <input_file id="fl-29">
         <path>C:\ti\ccsv7\tools\compiler\ti-cgt-c2000_16.9.3.LTS\lib\</path>
         <kind>archive</kind>
         <file>rts2800_ml.lib</file>
         <name>fs_cmp28.obj</name>
      </input_file>
      <input_file id="fl-2a">
         <path>C:\ti\ccsv7\tools\compiler\ti-cgt-c2000_16.9.3.LTS\lib\</path>
         <kind>archive</kind>
         <file>rts2800_ml.lib</file>
         <name>fs_div28.obj</name>
      </input_file>
      <input_file id="fl-2b">
         <path>C:\ti\ccsv7\tools\compiler\ti-cgt-c2000_16.9.3.LTS\lib\</path>
         <kind>archive</kind>
         <file>rts2800_ml.lib</file>
         <name>fs_mpy28.obj</name>
      </input_file>
      <input_file id="fl-2c">
         <path>C:\ti\ccsv7\tools\compiler\ti-cgt-c2000_16.9.3.LTS\lib\</path>
         <kind>archive</kind>
         <file>rts2800_ml.lib</file>
         <name>fs_tou28.obj</name>
      </input_file>
      <input_file id="fl-2d">
         <path>C:\ti\ccsv7\tools\compiler\ti-cgt-c2000_16.9.3.LTS\lib\</path>
         <kind>archive</kind>
         <file>rts2800_ml.lib</file>
         <name>fs_toul28.obj</name>
      </input_file>
      <input_file id="fl-2e">
         <path>C:\ti\ccsv7\tools\compiler\ti-cgt-c2000_16.9.3.LTS\lib\</path>
         <kind>archive</kind>
         <file>rts2800_ml.lib</file>
         <name>memcpy.obj</name>
      </input_file>
      <input_file id="fl-2f">
         <path>C:\ti\ccsv7\tools\compiler\ti-cgt-c2000_16.9.3.LTS\lib\</path>
         <kind>archive</kind>
         <file>rts2800_ml.lib</file>
         <name>pre_init.obj</name>
      </input_file>
      <input_file id="fl-30">
         <path>C:\ti\ccsv7\tools\compiler\ti-cgt-c2000_16.9.3.LTS\lib\</path>
         <kind>archive</kind>
         <file>rts2800_ml.lib</file>
         <name>startup.obj</name>
      </input_file>
      <input_file id="fl-31">
         <path>C:\ti\ccsv7\tools\compiler\ti-cgt-c2000_16.9.3.LTS\lib\</path>
         <kind>archive</kind>
         <file>rts2800_ml.lib</file>
         <name>u_tofs28.obj</name>
      </input_file>
      <input_file id="fl-32">
         <path>C:\ti\ccsv7\tools\compiler\ti-cgt-c2000_16.9.3.LTS\lib\</path>
         <kind>archive</kind>
         <file>rts2800_ml.lib</file>
         <name>_lock.obj</name>
      </input_file>
      <input_file id="fl-33">
         <path>C:\ti\ccsv7\tools\compiler\ti-cgt-c2000_16.9.3.LTS\lib\</path>
         <kind>archive</kind>
         <file>rts2800_ml.lib</file>
         <name>args_main.obj</name>
      </input_file>
   </input_file_list>
   <object_component_list>
      <object_component id="oc-10d">
         <name>.text</name>
         <load_address>0x3f8000</load_address>
         <run_address>0x3f8000</run_address>
         <size>0x198</size>
         <input_file_ref idref="fl-f"/>
      </object_component>
      <object_component id="oc-10e">
         <name>.text</name>
         <load_address>0x3f8198</load_address>
         <run_address>0x3f8198</run_address>
         <size>0x17c</size>
         <input_file_ref idref="fl-12"/>
      </object_component>
      <object_component id="oc-32">
         <name>.text:retain</name>
         <load_address>0x3f8314</load_address>
         <run_address>0x3f8314</run_address>
         <size>0x140</size>
         <input_file_ref idref="fl-3"/>
      </object_component>
      <object_component id="oc-108">
         <name>.text</name>
         <load_address>0x3f8454</load_address>
         <run_address>0x3f8454</run_address>
         <size>0xd1</size>
         <input_file_ref idref="fl-b"/>
      </object_component>
      <object_component id="oc-112">
         <name>.text</name>
         <load_address>0x3f8525</load_address>
         <run_address>0x3f8525</run_address>
         <size>0xb9</size>
         <input_file_ref idref="fl-13"/>
      </object_component>
      <object_component id="oc-100">
         <name>.text</name>
         <load_address>0x3f85de</load_address>
         <run_address>0x3f85de</run_address>
         <size>0xb8</size>
         <input_file_ref idref="fl-10"/>
      </object_component>
      <object_component id="oc-10c">
         <name>.text</name>
         <load_address>0x3f8696</load_address>
         <run_address>0x3f8696</run_address>
         <size>0x8d</size>
         <input_file_ref idref="fl-e"/>
      </object_component>
      <object_component id="oc-81">
         <name>.text:retain</name>
         <load_address>0x3f8723</load_address>
         <run_address>0x3f8723</run_address>
         <size>0x87</size>
         <input_file_ref idref="fl-d"/>
      </object_component>
      <object_component id="oc-103">
         <name>.text</name>
         <load_address>0x3f87aa</load_address>
         <run_address>0x3f87aa</run_address>
         <size>0x86</size>
         <input_file_ref idref="fl-7"/>
      </object_component>
      <object_component id="oc-c8">
         <name>.text</name>
         <load_address>0x3f8830</load_address>
         <run_address>0x3f8830</run_address>
         <size>0x83</size>
         <input_file_ref idref="fl-2a"/>
      </object_component>
      <object_component id="oc-be">
         <name>.text</name>
         <load_address>0x3f88b3</load_address>
         <run_address>0x3f88b3</run_address>
         <size>0x78</size>
         <input_file_ref idref="fl-28"/>
      </object_component>
      <object_component id="oc-9c">
         <name>.text:retain</name>
         <load_address>0x3f892b</load_address>
         <run_address>0x3f892b</run_address>
         <size>0x5a</size>
         <input_file_ref idref="fl-11"/>
      </object_component>
      <object_component id="oc-cd">
         <name>.text</name>
         <load_address>0x3f8985</load_address>
         <run_address>0x3f8985</run_address>
         <size>0x5a</size>
         <input_file_ref idref="fl-2b"/>
      </object_component>
      <object_component id="oc-2a">
         <name>.text</name>
         <load_address>0x3f89df</load_address>
         <run_address>0x3f89df</run_address>
         <size>0x54</size>
         <input_file_ref idref="fl-25"/>
      </object_component>
      <object_component id="oc-10a">
         <name>.text</name>
         <load_address>0x3f8a33</load_address>
         <run_address>0x3f8a33</run_address>
         <size>0x4e</size>
         <input_file_ref idref="fl-d"/>
      </object_component>
      <object_component id="oc-107">
         <name>.text</name>
         <load_address>0x3f8a81</load_address>
         <run_address>0x3f8a81</run_address>
         <size>0x4a</size>
         <input_file_ref idref="fl-2"/>
      </object_component>
      <object_component id="oc-104">
         <name>.text</name>
         <load_address>0x3f8acb</load_address>
         <run_address>0x3f8acb</run_address>
         <size>0x2e</size>
         <input_file_ref idref="fl-a"/>
      </object_component>
      <object_component id="oc-fe">
         <name>.text</name>
         <load_address>0x3f8af9</load_address>
         <run_address>0x3f8af9</run_address>
         <size>0x29</size>
         <input_file_ref idref="fl-27"/>
      </object_component>
      <object_component id="oc-105">
         <name>.text</name>
         <load_address>0x3f8b22</load_address>
         <run_address>0x3f8b22</run_address>
         <size>0x28</size>
         <input_file_ref idref="fl-5"/>
      </object_component>
      <object_component id="oc-74">
         <name>.text:retain</name>
         <load_address>0x3f8b4a</load_address>
         <run_address>0x3f8b4a</run_address>
         <size>0x28</size>
         <input_file_ref idref="fl-b"/>
      </object_component>
      <object_component id="oc-fb">
         <name>.text</name>
         <load_address>0x3f8b72</load_address>
         <run_address>0x3f8b72</run_address>
         <size>0x24</size>
         <input_file_ref idref="fl-26"/>
      </object_component>
      <object_component id="oc-d7">
         <name>.text</name>
         <load_address>0x3f8b96</load_address>
         <run_address>0x3f8b96</run_address>
         <size>0x21</size>
         <input_file_ref idref="fl-2d"/>
      </object_component>
      <object_component id="oc-106">
         <name>.text</name>
         <load_address>0x3f8bb7</load_address>
         <run_address>0x3f8bb7</run_address>
         <size>0x20</size>
         <input_file_ref idref="fl-6"/>
      </object_component>
      <object_component id="oc-d2">
         <name>.text</name>
         <load_address>0x3f8bd7</load_address>
         <run_address>0x3f8bd7</run_address>
         <size>0x1d</size>
         <input_file_ref idref="fl-2c"/>
      </object_component>
      <object_component id="oc-ff">
         <name>.text</name>
         <load_address>0x3f8bf4</load_address>
         <run_address>0x3f8bf4</run_address>
         <size>0x1d</size>
         <input_file_ref idref="fl-2e"/>
      </object_component>
      <object_component id="oc-fd">
         <name>.text</name>
         <load_address>0x3f8c11</load_address>
         <run_address>0x3f8c11</run_address>
         <size>0x19</size>
         <input_file_ref idref="fl-33"/>
      </object_component>
      <object_component id="oc-c3">
         <name>.text</name>
         <load_address>0x3f8c2a</load_address>
         <run_address>0x3f8c2a</run_address>
         <size>0x17</size>
         <input_file_ref idref="fl-29"/>
      </object_component>
      <object_component id="oc-10b">
         <name>.text</name>
         <load_address>0x3f8c41</load_address>
         <run_address>0x3f8c41</run_address>
         <size>0x13</size>
         <input_file_ref idref="fl-9"/>
      </object_component>
      <object_component id="oc-eb">
         <name>.text</name>
         <load_address>0x3f8c54</load_address>
         <run_address>0x3f8c54</run_address>
         <size>0x10</size>
         <input_file_ref idref="fl-31"/>
      </object_component>
      <object_component id="oc-109">
         <name>.text</name>
         <load_address>0x3f8c64</load_address>
         <run_address>0x3f8c64</run_address>
         <size>0xf</size>
         <input_file_ref idref="fl-c"/>
      </object_component>
      <object_component id="oc-10f">
         <name>.text</name>
         <load_address>0x3f8c73</load_address>
         <run_address>0x3f8c73</run_address>
         <size>0x9</size>
         <input_file_ref idref="fl-32"/>
      </object_component>
      <object_component id="oc-fa">
         <name>.text</name>
         <load_address>0x3f8c7c</load_address>
         <run_address>0x3f8c7c</run_address>
         <size>0x2</size>
         <input_file_ref idref="fl-2f"/>
      </object_component>
      <object_component id="oc-fc">
         <name>.text</name>
         <load_address>0x3f8c7e</load_address>
         <run_address>0x3f8c7e</run_address>
         <size>0x1</size>
         <input_file_ref idref="fl-30"/>
      </object_component>
      <object_component id="oc-b8">
         <name>.cinit</name>
         <load_address>0x3f8c7f</load_address>
         <run_address>0x3f8c7f</run_address>
         <size>0xe</size>
         <input_file_ref idref="fl-27"/>
      </object_component>
      <object_component id="oc-8c">
         <name>.cinit</name>
         <load_address>0x3f8c8d</load_address>
         <run_address>0x3f8c8d</run_address>
         <size>0xc</size>
         <input_file_ref idref="fl-f"/>
      </object_component>
      <object_component id="oc-7f">
         <name>.cinit</name>
         <load_address>0x3f8c99</load_address>
         <run_address>0x3f8c99</run_address>
         <size>0x8</size>
         <input_file_ref idref="fl-d"/>
      </object_component>
      <object_component id="oc-102">
         <name>.cinit:__lock</name>
         <load_address>0x3f8ca1</load_address>
         <run_address>0x3f8ca1</run_address>
         <size>0x5</size>
         <input_file_ref idref="fl-32"/>
      </object_component>
      <object_component id="oc-110">
         <name>.cinit:__unlock</name>
         <load_address>0x3f8ca6</load_address>
         <run_address>0x3f8ca6</run_address>
         <size>0x5</size>
         <input_file_ref idref="fl-32"/>
      </object_component>
      <object_component id="oc-93">
         <name>.cinit</name>
         <load_address>0x3f8cab</load_address>
         <run_address>0x3f8cab</run_address>
         <size>0x5</size>
         <input_file_ref idref="fl-10"/>
      </object_component>
      <object_component id="oc-72">
         <name>.cinit</name>
         <load_address>0x3f8cb0</load_address>
         <run_address>0x3f8cb0</run_address>
         <size>0x4</size>
         <input_file_ref idref="fl-b"/>
      </object_component>
      <object_component id="oc-9a">
         <name>.cinit</name>
         <load_address>0x3f8cb4</load_address>
         <run_address>0x3f8cb4</run_address>
         <size>0x4</size>
         <input_file_ref idref="fl-11"/>
      </object_component>
      <object_component id="oc-ad">
         <name>.reset</name>
         <load_address>0x3f8cba</load_address>
         <run_address>0x3f8cba</run_address>
         <size>0x2</size>
         <input_file_ref idref="fl-25"/>
      </object_component>
      <object_component id="oc-ac">
         <name>.stack</name>
         <uninitialized>true</uninitialized>
         <run_address>0x400</run_address>
         <size>0x0</size>
         <input_file_ref idref="fl-25"/>
      </object_component>
      <object_component id="oc-14b">
         <name>.stack</name>
         <uninitialized>true</uninitialized>
         <run_address>0x400</run_address>
         <size>0x0</size>
      </object_component>
      <object_component id="oc-2c">
         <name>.ebss</name>
         <uninitialized>true</uninitialized>
         <run_address>0x82b6</run_address>
         <size>0x8</size>
         <input_file_ref idref="fl-2"/>
      </object_component>
      <object_component id="oc-73">
         <name>.ebss</name>
         <uninitialized>true</uninitialized>
         <run_address>0x82a4</run_address>
         <size>0x11</size>
         <input_file_ref idref="fl-b"/>
      </object_component>
      <object_component id="oc-80">
         <name>.ebss</name>
         <uninitialized>true</uninitialized>
         <run_address>0x82c0</run_address>
         <size>0xc</size>
         <input_file_ref idref="fl-d"/>
      </object_component>
      <object_component id="oc-8d">
         <name>.ebss</name>
         <uninitialized>true</uninitialized>
         <run_address>0x82cc</run_address>
         <size>0x7</size>
         <input_file_ref idref="fl-f"/>
      </object_component>
      <object_component id="oc-94">
         <name>.ebss</name>
         <uninitialized>true</uninitialized>
         <run_address>0x82da</run_address>
         <size>0x3</size>
         <input_file_ref idref="fl-10"/>
      </object_component>
      <object_component id="oc-9b">
         <name>.ebss</name>
         <uninitialized>true</uninitialized>
         <run_address>0x82e0</run_address>
         <size>0x2</size>
         <input_file_ref idref="fl-11"/>
      </object_component>
      <object_component id="oc-a7">
         <name>.ebss</name>
         <uninitialized>true</uninitialized>
         <run_address>0x82e2</run_address>
         <size>0x2</size>
         <input_file_ref idref="fl-13"/>
      </object_component>
      <object_component id="oc-b9">
         <name>.ebss</name>
         <uninitialized>true</uninitialized>
         <run_address>0x82d4</run_address>
         <size>0x6</size>
         <input_file_ref idref="fl-27"/>
      </object_component>
      <object_component id="oc-115">
         <name>.ebss:__unlock</name>
         <uninitialized>true</uninitialized>
         <run_address>0x82de</run_address>
         <size>0x2</size>
         <input_file_ref idref="fl-32"/>
      </object_component>
      <object_component id="oc-101">
         <name>.ebss:__lock</name>
         <uninitialized>true</uninitialized>
         <run_address>0x82be</run_address>
         <size>0x2</size>
         <input_file_ref idref="fl-32"/>
      </object_component>
      <object_component id="oc-113">
         <name>.econst:_CNch</name>
         <load_address>0x8000</load_address>
         <run_address>0x8000</run_address>
         <size>0x120</size>
         <input_file_ref idref="fl-12"/>
      </object_component>
      <object_component id="oc-111">
         <name>.econst:_PieVectTableInit</name>
         <load_address>0x8120</load_address>
         <run_address>0x8120</run_address>
         <size>0x100</size>
         <input_file_ref idref="fl-6"/>
      </object_component>
      <object_component id="oc-114">
         <name>.econst:.string:_BMP</name>
         <load_address>0x8220</load_address>
         <run_address>0x8220</run_address>
         <size>0x80</size>
         <input_file_ref idref="fl-12"/>
      </object_component>
      <object_component id="oc-62">
         <name>.econst</name>
         <load_address>0x82a0</load_address>
         <run_address>0x82a0</run_address>
         <size>0x4</size>
         <input_file_ref idref="fl-8"/>
      </object_component>
      <object_component id="oc-4f">
         <name>DevEmuRegsFile</name>
         <uninitialized>true</uninitialized>
         <run_address>0x880</run_address>
         <size>0xd0</size>
         <input_file_ref idref="fl-4"/>
      </object_component>
      <object_component id="oc-39">
         <name>FlashRegsFile</name>
         <uninitialized>true</uninitialized>
         <run_address>0xa80</run_address>
         <size>0x8</size>
         <input_file_ref idref="fl-4"/>
      </object_component>
      <object_component id="oc-40">
         <name>CsmRegsFile</name>
         <uninitialized>true</uninitialized>
         <run_address>0xae0</run_address>
         <size>0x10</size>
         <input_file_ref idref="fl-4"/>
      </object_component>
      <object_component id="oc-44">
         <name>XintfRegsFile</name>
         <uninitialized>true</uninitialized>
         <run_address>0xb20</run_address>
         <size>0x20</size>
         <input_file_ref idref="fl-4"/>
      </object_component>
      <object_component id="oc-3a">
         <name>CpuTimer0RegsFile</name>
         <uninitialized>true</uninitialized>
         <run_address>0xc00</run_address>
         <size>0x8</size>
         <input_file_ref idref="fl-4"/>
      </object_component>
      <object_component id="oc-3b">
         <name>CpuTimer1RegsFile</name>
         <uninitialized>true</uninitialized>
         <run_address>0xc08</run_address>
         <size>0x8</size>
         <input_file_ref idref="fl-4"/>
      </object_component>
      <object_component id="oc-38">
         <name>CpuTimer2RegsFile</name>
         <uninitialized>true</uninitialized>
         <run_address>0xc10</run_address>
         <size>0x8</size>
         <input_file_ref idref="fl-4"/>
      </object_component>
      <object_component id="oc-43">
         <name>PieCtrlRegsFile</name>
         <uninitialized>true</uninitialized>
         <run_address>0xce0</run_address>
         <size>0x1a</size>
         <input_file_ref idref="fl-4"/>
      </object_component>
      <object_component id="oc-50">
         <name>PieVectTableFile</name>
         <uninitialized>true</uninitialized>
         <run_address>0xd00</run_address>
         <size>0x100</size>
         <input_file_ref idref="fl-4"/>
      </object_component>
      <object_component id="oc-4b">
         <name>ECanaRegsFile</name>
         <uninitialized>true</uninitialized>
         <run_address>0x6000</run_address>
         <size>0x34</size>
         <input_file_ref idref="fl-4"/>
      </object_component>
      <object_component id="oc-4d">
         <name>ECanaLAMRegsFile</name>
         <uninitialized>true</uninitialized>
         <run_address>0x6040</run_address>
         <size>0x40</size>
         <input_file_ref idref="fl-4"/>
      </object_component>
      <object_component id="oc-51">
         <name>ECanaMboxesFile</name>
         <uninitialized>true</uninitialized>
         <run_address>0x6100</run_address>
         <size>0x100</size>
         <input_file_ref idref="fl-4"/>
      </object_component>
      <object_component id="oc-4c">
         <name>ECanaMOTSRegsFile</name>
         <uninitialized>true</uninitialized>
         <run_address>0x6080</run_address>
         <size>0x40</size>
         <input_file_ref idref="fl-4"/>
      </object_component>
      <object_component id="oc-4e">
         <name>ECanaMOTORegsFile</name>
         <uninitialized>true</uninitialized>
         <run_address>0x60c0</run_address>
         <size>0x40</size>
         <input_file_ref idref="fl-4"/>
      </object_component>
      <object_component id="oc-45">
         <name>SysCtrlRegsFile</name>
         <uninitialized>true</uninitialized>
         <run_address>0x7010</run_address>
         <size>0x20</size>
         <input_file_ref idref="fl-4"/>
      </object_component>
      <object_component id="oc-3e">
         <name>SpiaRegsFile</name>
         <uninitialized>true</uninitialized>
         <run_address>0x7040</run_address>
         <size>0x10</size>
         <input_file_ref idref="fl-4"/>
      </object_component>
      <object_component id="oc-3f">
         <name>SciaRegsFile</name>
         <uninitialized>true</uninitialized>
         <run_address>0x7050</run_address>
         <size>0x10</size>
         <input_file_ref idref="fl-4"/>
      </object_component>
      <object_component id="oc-41">
         <name>XIntruptRegsFile</name>
         <uninitialized>true</uninitialized>
         <run_address>0x7070</run_address>
         <size>0x10</size>
         <input_file_ref idref="fl-4"/>
      </object_component>
      <object_component id="oc-46">
         <name>GpioMuxRegsFile</name>
         <uninitialized>true</uninitialized>
         <run_address>0x70c0</run_address>
         <size>0x20</size>
         <input_file_ref idref="fl-4"/>
      </object_component>
      <object_component id="oc-47">
         <name>GpioDataRegsFile</name>
         <uninitialized>true</uninitialized>
         <run_address>0x70e0</run_address>
         <size>0x20</size>
         <input_file_ref idref="fl-4"/>
      </object_component>
      <object_component id="oc-42">
         <name>AdcRegsFile</name>
         <uninitialized>true</uninitialized>
         <run_address>0x7100</run_address>
         <size>0x1a</size>
         <input_file_ref idref="fl-4"/>
      </object_component>
      <object_component id="oc-49">
         <name>EvaRegsFile</name>
         <uninitialized>true</uninitialized>
         <run_address>0x7400</run_address>
         <size>0x32</size>
         <input_file_ref idref="fl-4"/>
      </object_component>
      <object_component id="oc-4a">
         <name>EvbRegsFile</name>
         <uninitialized>true</uninitialized>
         <run_address>0x7500</run_address>
         <size>0x32</size>
         <input_file_ref idref="fl-4"/>
      </object_component>
      <object_component id="oc-3d">
         <name>ScibRegsFile</name>
         <uninitialized>true</uninitialized>
         <run_address>0x7750</run_address>
         <size>0x10</size>
         <input_file_ref idref="fl-4"/>
      </object_component>
      <object_component id="oc-48">
         <name>McbspaRegsFile</name>
         <uninitialized>true</uninitialized>
         <run_address>0x7800</run_address>
         <size>0x25</size>
         <input_file_ref idref="fl-4"/>
      </object_component>
      <object_component id="oc-3c">
         <name>CsmPwlFile</name>
         <uninitialized>true</uninitialized>
         <run_address>0x3f7ff8</run_address>
         <size>0x8</size>
         <input_file_ref idref="fl-4"/>
      </object_component>
      <object_component id="oc-2b">
         <name>.debug_info</name>
         <load_address>0x0</load_address>
         <run_address>0x0</run_address>
         <size>0x833</size>
         <input_file_ref idref="fl-2"/>
      </object_component>
      <object_component id="oc-31">
         <name>.debug_info</name>
         <load_address>0x833</load_address>
         <run_address>0x833</run_address>
         <size>0x18f5</size>
         <input_file_ref idref="fl-3"/>
      </object_component>
      <object_component id="oc-37">
         <name>.debug_info</name>
         <load_address>0x2128</load_address>
         <run_address>0x2128</run_address>
         <size>0x13389</size>
         <input_file_ref idref="fl-4"/>
      </object_component>
      <object_component id="oc-53">
         <name>.debug_info</name>
         <load_address>0x154b1</load_address>
         <run_address>0x154b1</run_address>
         <size>0xa73</size>
         <input_file_ref idref="fl-5"/>
      </object_component>
      <object_component id="oc-58">
         <name>.debug_info</name>
         <load_address>0x15f24</load_address>
         <run_address>0x15f24</run_address>
         <size>0x1fa9</size>
         <input_file_ref idref="fl-6"/>
      </object_component>
      <object_component id="oc-5d">
         <name>.debug_info</name>
         <load_address>0x17ecd</load_address>
         <run_address>0x17ecd</run_address>
         <size>0xfbb</size>
         <input_file_ref idref="fl-7"/>
      </object_component>
      <object_component id="oc-63">
         <name>.debug_info</name>
         <load_address>0x18e88</load_address>
         <run_address>0x18e88</run_address>
         <size>0xcb</size>
         <input_file_ref idref="fl-8"/>
      </object_component>
      <object_component id="oc-67">
         <name>.debug_info</name>
         <load_address>0x18f53</load_address>
         <run_address>0x18f53</run_address>
         <size>0x1665</size>
         <input_file_ref idref="fl-9"/>
      </object_component>
      <object_component id="oc-6c">
         <name>.debug_info</name>
         <load_address>0x1a5b8</load_address>
         <run_address>0x1a5b8</run_address>
         <size>0x1ab3</size>
         <input_file_ref idref="fl-a"/>
      </object_component>
      <object_component id="oc-71">
         <name>.debug_info</name>
         <load_address>0x1c06b</load_address>
         <run_address>0x1c06b</run_address>
         <size>0x1824</size>
         <input_file_ref idref="fl-b"/>
      </object_component>
      <object_component id="oc-79">
         <name>.debug_info</name>
         <load_address>0x1d88f</load_address>
         <run_address>0x1d88f</run_address>
         <size>0xb00</size>
         <input_file_ref idref="fl-c"/>
      </object_component>
      <object_component id="oc-7e">
         <name>.debug_info</name>
         <load_address>0x1e38f</load_address>
         <run_address>0x1e38f</run_address>
         <size>0x174f</size>
         <input_file_ref idref="fl-d"/>
      </object_component>
      <object_component id="oc-86">
         <name>.debug_info</name>
         <load_address>0x1fade</load_address>
         <run_address>0x1fade</run_address>
         <size>0x3203</size>
         <input_file_ref idref="fl-e"/>
      </object_component>
      <object_component id="oc-8b">
         <name>.debug_info</name>
         <load_address>0x22ce1</load_address>
         <run_address>0x22ce1</run_address>
         <size>0x3d63</size>
         <input_file_ref idref="fl-f"/>
      </object_component>
      <object_component id="oc-92">
         <name>.debug_info</name>
         <load_address>0x26a44</load_address>
         <run_address>0x26a44</run_address>
         <size>0x4fd9</size>
         <input_file_ref idref="fl-10"/>
      </object_component>
      <object_component id="oc-99">
         <name>.debug_info</name>
         <load_address>0x2ba1d</load_address>
         <run_address>0x2ba1d</run_address>
         <size>0xe3d</size>
         <input_file_ref idref="fl-11"/>
      </object_component>
      <object_component id="oc-a1">
         <name>.debug_info</name>
         <load_address>0x2c85a</load_address>
         <run_address>0x2c85a</run_address>
         <size>0x32c7</size>
         <input_file_ref idref="fl-12"/>
      </object_component>
      <object_component id="oc-a6">
         <name>.debug_info</name>
         <load_address>0x2fb21</load_address>
         <run_address>0x2fb21</run_address>
         <size>0x8f4</size>
         <input_file_ref idref="fl-13"/>
      </object_component>
      <object_component id="oc-ae">
         <name>.debug_info</name>
         <load_address>0x30415</load_address>
         <run_address>0x30415</run_address>
         <size>0x16b</size>
         <input_file_ref idref="fl-25"/>
      </object_component>
      <object_component id="oc-b2">
         <name>.debug_info</name>
         <load_address>0x30580</load_address>
         <run_address>0x30580</run_address>
         <size>0x50f</size>
         <input_file_ref idref="fl-26"/>
      </object_component>
      <object_component id="oc-b7">
         <name>.debug_info</name>
         <load_address>0x30a8f</load_address>
         <run_address>0x30a8f</run_address>
         <size>0x4f9</size>
         <input_file_ref idref="fl-27"/>
      </object_component>
      <object_component id="oc-bf">
         <name>.debug_info</name>
         <load_address>0x30f88</load_address>
         <run_address>0x30f88</run_address>
         <size>0x10c</size>
         <input_file_ref idref="fl-28"/>
      </object_component>
      <object_component id="oc-c4">
         <name>.debug_info</name>
         <load_address>0x31094</load_address>
         <run_address>0x31094</run_address>
         <size>0x10c</size>
         <input_file_ref idref="fl-29"/>
      </object_component>
      <object_component id="oc-c9">
         <name>.debug_info</name>
         <load_address>0x311a0</load_address>
         <run_address>0x311a0</run_address>
         <size>0x10c</size>
         <input_file_ref idref="fl-2a"/>
      </object_component>
      <object_component id="oc-ce">
         <name>.debug_info</name>
         <load_address>0x312ac</load_address>
         <run_address>0x312ac</run_address>
         <size>0x10c</size>
         <input_file_ref idref="fl-2b"/>
      </object_component>
      <object_component id="oc-d3">
         <name>.debug_info</name>
         <load_address>0x313b8</load_address>
         <run_address>0x313b8</run_address>
         <size>0x118</size>
         <input_file_ref idref="fl-2c"/>
      </object_component>
      <object_component id="oc-d8">
         <name>.debug_info</name>
         <load_address>0x314d0</load_address>
         <run_address>0x314d0</run_address>
         <size>0x11b</size>
         <input_file_ref idref="fl-2d"/>
      </object_component>
      <object_component id="oc-dc">
         <name>.debug_info</name>
         <load_address>0x315eb</load_address>
         <run_address>0x315eb</run_address>
         <size>0x3bd</size>
         <input_file_ref idref="fl-2e"/>
      </object_component>
      <object_component id="oc-e1">
         <name>.debug_info</name>
         <load_address>0x319a8</load_address>
         <run_address>0x319a8</run_address>
         <size>0x330</size>
         <input_file_ref idref="fl-2f"/>
      </object_component>
      <object_component id="oc-e6">
         <name>.debug_info</name>
         <load_address>0x31cd8</load_address>
         <run_address>0x31cd8</run_address>
         <size>0x32d</size>
         <input_file_ref idref="fl-30"/>
      </object_component>
      <object_component id="oc-ec">
         <name>.debug_info</name>
         <load_address>0x32005</load_address>
         <run_address>0x32005</run_address>
         <size>0x110</size>
         <input_file_ref idref="fl-31"/>
      </object_component>
      <object_component id="oc-f0">
         <name>.debug_info</name>
         <load_address>0x32115</load_address>
         <run_address>0x32115</run_address>
         <size>0x44f</size>
         <input_file_ref idref="fl-32"/>
      </object_component>
      <object_component id="oc-f5">
         <name>.debug_info</name>
         <load_address>0x32564</load_address>
         <run_address>0x32564</run_address>
         <size>0x41c</size>
         <input_file_ref idref="fl-33"/>
      </object_component>
      <object_component id="oc-14c">
         <name>.debug_info</name>
         <load_address>0x32980</load_address>
         <run_address>0x32980</run_address>
         <size>0x86</size>
      </object_component>
      <object_component id="oc-2d">
         <name>.debug_frame</name>
         <load_address>0x0</load_address>
         <run_address>0x0</run_address>
         <size>0x4e</size>
         <input_file_ref idref="fl-2"/>
      </object_component>
      <object_component id="oc-33">
         <name>.debug_frame</name>
         <load_address>0x4e</load_address>
         <run_address>0x4e</run_address>
         <size>0x55e</size>
         <input_file_ref idref="fl-3"/>
      </object_component>
      <object_component id="oc-54">
         <name>.debug_frame</name>
         <load_address>0x5ac</load_address>
         <run_address>0x5ac</run_address>
         <size>0x48</size>
         <input_file_ref idref="fl-5"/>
      </object_component>
      <object_component id="oc-59">
         <name>.debug_frame</name>
         <load_address>0x5f4</load_address>
         <run_address>0x5f4</run_address>
         <size>0x39</size>
         <input_file_ref idref="fl-6"/>
      </object_component>
      <object_component id="oc-5e">
         <name>.debug_frame</name>
         <load_address>0x62d</load_address>
         <run_address>0x62d</run_address>
         <size>0xa8</size>
         <input_file_ref idref="fl-7"/>
      </object_component>
      <object_component id="oc-68">
         <name>.debug_frame</name>
         <load_address>0x6d5</load_address>
         <run_address>0x6d5</run_address>
         <size>0x33</size>
         <input_file_ref idref="fl-9"/>
      </object_component>
      <object_component id="oc-6d">
         <name>.debug_frame</name>
         <load_address>0x708</load_address>
         <run_address>0x708</run_address>
         <size>0x33</size>
         <input_file_ref idref="fl-a"/>
      </object_component>
      <object_component id="oc-75">
         <name>.debug_frame</name>
         <load_address>0x73b</load_address>
         <run_address>0x73b</run_address>
         <size>0xcf</size>
         <input_file_ref idref="fl-b"/>
      </object_component>
      <object_component id="oc-7a">
         <name>.debug_frame</name>
         <load_address>0x80a</load_address>
         <run_address>0x80a</run_address>
         <size>0x33</size>
         <input_file_ref idref="fl-c"/>
      </object_component>
      <object_component id="oc-82">
         <name>.debug_frame</name>
         <load_address>0x83d</load_address>
         <run_address>0x83d</run_address>
         <size>0x8d</size>
         <input_file_ref idref="fl-d"/>
      </object_component>
      <object_component id="oc-87">
         <name>.debug_frame</name>
         <load_address>0x8ca</load_address>
         <run_address>0x8ca</run_address>
         <size>0x8a</size>
         <input_file_ref idref="fl-e"/>
      </object_component>
      <object_component id="oc-8e">
         <name>.debug_frame</name>
         <load_address>0x954</load_address>
         <run_address>0x954</run_address>
         <size>0xfb</size>
         <input_file_ref idref="fl-f"/>
      </object_component>
      <object_component id="oc-95">
         <name>.debug_frame</name>
         <load_address>0xa4f</load_address>
         <run_address>0xa4f</run_address>
         <size>0x91</size>
         <input_file_ref idref="fl-10"/>
      </object_component>
      <object_component id="oc-9d">
         <name>.debug_frame</name>
         <load_address>0xae0</load_address>
         <run_address>0xae0</run_address>
         <size>0x5c</size>
         <input_file_ref idref="fl-11"/>
      </object_component>
      <object_component id="oc-a2">
         <name>.debug_frame</name>
         <load_address>0xb3c</load_address>
         <run_address>0xb3c</run_address>
         <size>0x1a4</size>
         <input_file_ref idref="fl-12"/>
      </object_component>
      <object_component id="oc-a8">
         <name>.debug_frame</name>
         <load_address>0xce0</load_address>
         <run_address>0xce0</run_address>
         <size>0xc3</size>
         <input_file_ref idref="fl-13"/>
      </object_component>
      <object_component id="oc-b3">
         <name>.debug_frame</name>
         <load_address>0xda3</load_address>
         <run_address>0xda3</run_address>
         <size>0x54</size>
         <input_file_ref idref="fl-26"/>
      </object_component>
      <object_component id="oc-ba">
         <name>.debug_frame</name>
         <load_address>0xdf7</load_address>
         <run_address>0xdf7</run_address>
         <size>0x51</size>
         <input_file_ref idref="fl-27"/>
      </object_component>
      <object_component id="oc-dd">
         <name>.debug_frame</name>
         <load_address>0xe48</load_address>
         <run_address>0xe48</run_address>
         <size>0x33</size>
         <input_file_ref idref="fl-2e"/>
      </object_component>
      <object_component id="oc-e2">
         <name>.debug_frame</name>
         <load_address>0xe7b</load_address>
         <run_address>0xe7b</run_address>
         <size>0x33</size>
         <input_file_ref idref="fl-2f"/>
      </object_component>
      <object_component id="oc-e7">
         <name>.debug_frame</name>
         <load_address>0xeae</load_address>
         <run_address>0xeae</run_address>
         <size>0x33</size>
         <input_file_ref idref="fl-30"/>
      </object_component>
      <object_component id="oc-f1">
         <name>.debug_frame</name>
         <load_address>0xee1</load_address>
         <run_address>0xee1</run_address>
         <size>0x5d</size>
         <input_file_ref idref="fl-32"/>
      </object_component>
      <object_component id="oc-f6">
         <name>.debug_frame</name>
         <load_address>0xf3e</load_address>
         <run_address>0xf3e</run_address>
         <size>0x33</size>
         <input_file_ref idref="fl-33"/>
      </object_component>
      <object_component id="oc-2e">
         <name>.debug_line</name>
         <load_address>0x0</load_address>
         <run_address>0x0</run_address>
         <size>0x77</size>
         <input_file_ref idref="fl-2"/>
      </object_component>
      <object_component id="oc-34">
         <name>.debug_line</name>
         <load_address>0x77</load_address>
         <run_address>0x77</run_address>
         <size>0x5e6</size>
         <input_file_ref idref="fl-3"/>
      </object_component>
      <object_component id="oc-55">
         <name>.debug_line</name>
         <load_address>0x65d</load_address>
         <run_address>0x65d</run_address>
         <size>0x85</size>
         <input_file_ref idref="fl-5"/>
      </object_component>
      <object_component id="oc-5a">
         <name>.debug_line</name>
         <load_address>0x6e2</load_address>
         <run_address>0x6e2</run_address>
         <size>0x67</size>
         <input_file_ref idref="fl-6"/>
      </object_component>
      <object_component id="oc-5f">
         <name>.debug_line</name>
         <load_address>0x749</load_address>
         <run_address>0x749</run_address>
         <size>0x106</size>
         <input_file_ref idref="fl-7"/>
      </object_component>
      <object_component id="oc-64">
         <name>.debug_line</name>
         <load_address>0x84f</load_address>
         <run_address>0x84f</run_address>
         <size>0x47</size>
         <input_file_ref idref="fl-8"/>
      </object_component>
      <object_component id="oc-69">
         <name>.debug_line</name>
         <load_address>0x896</load_address>
         <run_address>0x896</run_address>
         <size>0x44</size>
         <input_file_ref idref="fl-9"/>
      </object_component>
      <object_component id="oc-6e">
         <name>.debug_line</name>
         <load_address>0x8da</load_address>
         <run_address>0x8da</run_address>
         <size>0x55</size>
         <input_file_ref idref="fl-a"/>
      </object_component>
      <object_component id="oc-76">
         <name>.debug_line</name>
         <load_address>0x92f</load_address>
         <run_address>0x92f</run_address>
         <size>0x14f</size>
         <input_file_ref idref="fl-b"/>
      </object_component>
      <object_component id="oc-7b">
         <name>.debug_line</name>
         <load_address>0xa7e</load_address>
         <run_address>0xa7e</run_address>
         <size>0x46</size>
         <input_file_ref idref="fl-c"/>
      </object_component>
      <object_component id="oc-83">
         <name>.debug_line</name>
         <load_address>0xac4</load_address>
         <run_address>0xac4</run_address>
         <size>0xab</size>
         <input_file_ref idref="fl-d"/>
      </object_component>
      <object_component id="oc-88">
         <name>.debug_line</name>
         <load_address>0xb6f</load_address>
         <run_address>0xb6f</run_address>
         <size>0xc6</size>
         <input_file_ref idref="fl-e"/>
      </object_component>
      <object_component id="oc-8f">
         <name>.debug_line</name>
         <load_address>0xc35</load_address>
         <run_address>0xc35</run_address>
         <size>0x1f8</size>
         <input_file_ref idref="fl-f"/>
      </object_component>
      <object_component id="oc-96">
         <name>.debug_line</name>
         <load_address>0xe2d</load_address>
         <run_address>0xe2d</run_address>
         <size>0x10d</size>
         <input_file_ref idref="fl-10"/>
      </object_component>
      <object_component id="oc-9e">
         <name>.debug_line</name>
         <load_address>0xf3a</load_address>
         <run_address>0xf3a</run_address>
         <size>0x5e</size>
         <input_file_ref idref="fl-11"/>
      </object_component>
      <object_component id="oc-a3">
         <name>.debug_line</name>
         <load_address>0xf98</load_address>
         <run_address>0xf98</run_address>
         <size>0x276</size>
         <input_file_ref idref="fl-12"/>
      </object_component>
      <object_component id="oc-a9">
         <name>.debug_line</name>
         <load_address>0x120e</load_address>
         <run_address>0x120e</run_address>
         <size>0x156</size>
         <input_file_ref idref="fl-13"/>
      </object_component>
      <object_component id="oc-af">
         <name>.debug_line</name>
         <load_address>0x1364</load_address>
         <run_address>0x1364</run_address>
         <size>0x7d</size>
         <input_file_ref idref="fl-25"/>
      </object_component>
      <object_component id="oc-b4">
         <name>.debug_line</name>
         <load_address>0x13e1</load_address>
         <run_address>0x13e1</run_address>
         <size>0x50</size>
         <input_file_ref idref="fl-26"/>
      </object_component>
      <object_component id="oc-bb">
         <name>.debug_line</name>
         <load_address>0x1431</load_address>
         <run_address>0x1431</run_address>
         <size>0x65</size>
         <input_file_ref idref="fl-27"/>
      </object_component>
      <object_component id="oc-c0">
         <name>.debug_line</name>
         <load_address>0x1496</load_address>
         <run_address>0x1496</run_address>
         <size>0xa9</size>
         <input_file_ref idref="fl-28"/>
      </object_component>
      <object_component id="oc-c5">
         <name>.debug_line</name>
         <load_address>0x153f</load_address>
         <run_address>0x153f</run_address>
         <size>0x52</size>
         <input_file_ref idref="fl-29"/>
      </object_component>
      <object_component id="oc-ca">
         <name>.debug_line</name>
         <load_address>0x1591</load_address>
         <run_address>0x1591</run_address>
         <size>0xab</size>
         <input_file_ref idref="fl-2a"/>
      </object_component>
      <object_component id="oc-cf">
         <name>.debug_line</name>
         <load_address>0x163c</load_address>
         <run_address>0x163c</run_address>
         <size>0x8d</size>
         <input_file_ref idref="fl-2b"/>
      </object_component>
      <object_component id="oc-d4">
         <name>.debug_line</name>
         <load_address>0x16c9</load_address>
         <run_address>0x16c9</run_address>
         <size>0x56</size>
         <input_file_ref idref="fl-2c"/>
      </object_component>
      <object_component id="oc-d9">
         <name>.debug_line</name>
         <load_address>0x171f</load_address>
         <run_address>0x171f</run_address>
         <size>0x59</size>
         <input_file_ref idref="fl-2d"/>
      </object_component>
      <object_component id="oc-de">
         <name>.debug_line</name>
         <load_address>0x1778</load_address>
         <run_address>0x1778</run_address>
         <size>0x62</size>
         <input_file_ref idref="fl-2e"/>
      </object_component>
      <object_component id="oc-e3">
         <name>.debug_line</name>
         <load_address>0x17da</load_address>
         <run_address>0x17da</run_address>
         <size>0x3e</size>
         <input_file_ref idref="fl-2f"/>
      </object_component>
      <object_component id="oc-e8">
         <name>.debug_line</name>
         <load_address>0x1818</load_address>
         <run_address>0x1818</run_address>
         <size>0x3a</size>
         <input_file_ref idref="fl-30"/>
      </object_component>
      <object_component id="oc-ed">
         <name>.debug_line</name>
         <load_address>0x1852</load_address>
         <run_address>0x1852</run_address>
         <size>0x49</size>
         <input_file_ref idref="fl-31"/>
      </object_component>
      <object_component id="oc-f2">
         <name>.debug_line</name>
         <load_address>0x189b</load_address>
         <run_address>0x189b</run_address>
         <size>0x5e</size>
         <input_file_ref idref="fl-32"/>
      </object_component>
      <object_component id="oc-f7">
         <name>.debug_line</name>
         <load_address>0x18f9</load_address>
         <run_address>0x18f9</run_address>
         <size>0x55</size>
         <input_file_ref idref="fl-33"/>
      </object_component>
      <object_component id="oc-2f">
         <name>.debug_abbrev</name>
         <load_address>0x0</load_address>
         <run_address>0x0</run_address>
         <size>0x10b</size>
         <input_file_ref idref="fl-2"/>
      </object_component>
      <object_component id="oc-35">
         <name>.debug_abbrev</name>
         <load_address>0x10b</load_address>
         <run_address>0x10b</run_address>
         <size>0xde</size>
         <input_file_ref idref="fl-3"/>
      </object_component>
      <object_component id="oc-52">
         <name>.debug_abbrev</name>
         <load_address>0x1e9</load_address>
         <run_address>0x1e9</run_address>
         <size>0xb7</size>
         <input_file_ref idref="fl-4"/>
      </object_component>
      <object_component id="oc-56">
         <name>.debug_abbrev</name>
         <load_address>0x2a0</load_address>
         <run_address>0x2a0</run_address>
         <size>0xc8</size>
         <input_file_ref idref="fl-5"/>
      </object_component>
      <object_component id="oc-5b">
         <name>.debug_abbrev</name>
         <load_address>0x368</load_address>
         <run_address>0x368</run_address>
         <size>0x116</size>
         <input_file_ref idref="fl-6"/>
      </object_component>
      <object_component id="oc-60">
         <name>.debug_abbrev</name>
         <load_address>0x47e</load_address>
         <run_address>0x47e</run_address>
         <size>0x12f</size>
         <input_file_ref idref="fl-7"/>
      </object_component>
      <object_component id="oc-65">
         <name>.debug_abbrev</name>
         <load_address>0x5ad</load_address>
         <run_address>0x5ad</run_address>
         <size>0x2f</size>
         <input_file_ref idref="fl-8"/>
      </object_component>
      <object_component id="oc-6a">
         <name>.debug_abbrev</name>
         <load_address>0x5dc</load_address>
         <run_address>0x5dc</run_address>
         <size>0xdc</size>
         <input_file_ref idref="fl-9"/>
      </object_component>
      <object_component id="oc-6f">
         <name>.debug_abbrev</name>
         <load_address>0x6b8</load_address>
         <run_address>0x6b8</run_address>
         <size>0xdc</size>
         <input_file_ref idref="fl-a"/>
      </object_component>
      <object_component id="oc-77">
         <name>.debug_abbrev</name>
         <load_address>0x794</load_address>
         <run_address>0x794</run_address>
         <size>0x17d</size>
         <input_file_ref idref="fl-b"/>
      </object_component>
      <object_component id="oc-7c">
         <name>.debug_abbrev</name>
         <load_address>0x911</load_address>
         <run_address>0x911</run_address>
         <size>0xdc</size>
         <input_file_ref idref="fl-c"/>
      </object_component>
      <object_component id="oc-84">
         <name>.debug_abbrev</name>
         <load_address>0x9ed</load_address>
         <run_address>0x9ed</run_address>
         <size>0x154</size>
         <input_file_ref idref="fl-d"/>
      </object_component>
      <object_component id="oc-89">
         <name>.debug_abbrev</name>
         <load_address>0xb41</load_address>
         <run_address>0xb41</run_address>
         <size>0x146</size>
         <input_file_ref idref="fl-e"/>
      </object_component>
      <object_component id="oc-90">
         <name>.debug_abbrev</name>
         <load_address>0xc87</load_address>
         <run_address>0xc87</run_address>
         <size>0x1a8</size>
         <input_file_ref idref="fl-f"/>
      </object_component>
      <object_component id="oc-97">
         <name>.debug_abbrev</name>
         <load_address>0xe2f</load_address>
         <run_address>0xe2f</run_address>
         <size>0x190</size>
         <input_file_ref idref="fl-10"/>
      </object_component>
      <object_component id="oc-9f">
         <name>.debug_abbrev</name>
         <load_address>0xfbf</load_address>
         <run_address>0xfbf</run_address>
         <size>0xe4</size>
         <input_file_ref idref="fl-11"/>
      </object_component>
      <object_component id="oc-a4">
         <name>.debug_abbrev</name>
         <load_address>0x10a3</load_address>
         <run_address>0x10a3</run_address>
         <size>0x173</size>
         <input_file_ref idref="fl-12"/>
      </object_component>
      <object_component id="oc-aa">
         <name>.debug_abbrev</name>
         <load_address>0x1216</load_address>
         <run_address>0x1216</run_address>
         <size>0xdc</size>
         <input_file_ref idref="fl-13"/>
      </object_component>
      <object_component id="oc-b0">
         <name>.debug_abbrev</name>
         <load_address>0x12f2</load_address>
         <run_address>0x12f2</run_address>
         <size>0x46</size>
         <input_file_ref idref="fl-25"/>
      </object_component>
      <object_component id="oc-b5">
         <name>.debug_abbrev</name>
         <load_address>0x1338</load_address>
         <run_address>0x1338</run_address>
         <size>0xfc</size>
         <input_file_ref idref="fl-26"/>
      </object_component>
      <object_component id="oc-bc">
         <name>.debug_abbrev</name>
         <load_address>0x1434</load_address>
         <run_address>0x1434</run_address>
         <size>0x142</size>
         <input_file_ref idref="fl-27"/>
      </object_component>
      <object_component id="oc-c1">
         <name>.debug_abbrev</name>
         <load_address>0x1576</load_address>
         <run_address>0x1576</run_address>
         <size>0x38</size>
         <input_file_ref idref="fl-28"/>
      </object_component>
      <object_component id="oc-c6">
         <name>.debug_abbrev</name>
         <load_address>0x15ae</load_address>
         <run_address>0x15ae</run_address>
         <size>0x38</size>
         <input_file_ref idref="fl-29"/>
      </object_component>
      <object_component id="oc-cb">
         <name>.debug_abbrev</name>
         <load_address>0x15e6</load_address>
         <run_address>0x15e6</run_address>
         <size>0x38</size>
         <input_file_ref idref="fl-2a"/>
      </object_component>
      <object_component id="oc-d0">
         <name>.debug_abbrev</name>
         <load_address>0x161e</load_address>
         <run_address>0x161e</run_address>
         <size>0x38</size>
         <input_file_ref idref="fl-2b"/>
      </object_component>
      <object_component id="oc-d5">
         <name>.debug_abbrev</name>
         <load_address>0x1656</load_address>
         <run_address>0x1656</run_address>
         <size>0x38</size>
         <input_file_ref idref="fl-2c"/>
      </object_component>
      <object_component id="oc-da">
         <name>.debug_abbrev</name>
         <load_address>0x168e</load_address>
         <run_address>0x168e</run_address>
         <size>0x38</size>
         <input_file_ref idref="fl-2d"/>
      </object_component>
      <object_component id="oc-df">
         <name>.debug_abbrev</name>
         <load_address>0x16c6</load_address>
         <run_address>0x16c6</run_address>
         <size>0xa8</size>
         <input_file_ref idref="fl-2e"/>
      </object_component>
      <object_component id="oc-e4">
         <name>.debug_abbrev</name>
         <load_address>0x176e</load_address>
         <run_address>0x176e</run_address>
         <size>0x68</size>
         <input_file_ref idref="fl-2f"/>
      </object_component>
      <object_component id="oc-e9">
         <name>.debug_abbrev</name>
         <load_address>0x17d6</load_address>
         <run_address>0x17d6</run_address>
         <size>0x66</size>
         <input_file_ref idref="fl-30"/>
      </object_component>
      <object_component id="oc-ee">
         <name>.debug_abbrev</name>
         <load_address>0x183c</load_address>
         <run_address>0x183c</run_address>
         <size>0x38</size>
         <input_file_ref idref="fl-31"/>
      </object_component>
      <object_component id="oc-f3">
         <name>.debug_abbrev</name>
         <load_address>0x1874</load_address>
         <run_address>0x1874</run_address>
         <size>0xb2</size>
         <input_file_ref idref="fl-32"/>
      </object_component>
      <object_component id="oc-f8">
         <name>.debug_abbrev</name>
         <load_address>0x1926</load_address>
         <run_address>0x1926</run_address>
         <size>0xfe</size>
         <input_file_ref idref="fl-33"/>
      </object_component>
      <object_component id="oc-14d">
         <name>.debug_abbrev</name>
         <load_address>0x1a24</load_address>
         <run_address>0x1a24</run_address>
         <size>0xf</size>
      </object_component>
      <object_component id="oc-30">
         <name>.debug_aranges</name>
         <load_address>0x0</load_address>
         <run_address>0x0</run_address>
         <size>0x28</size>
         <input_file_ref idref="fl-2"/>
      </object_component>
      <object_component id="oc-36">
         <name>.debug_aranges</name>
         <load_address>0x28</load_address>
         <run_address>0x28</run_address>
         <size>0x218</size>
         <input_file_ref idref="fl-3"/>
      </object_component>
      <object_component id="oc-57">
         <name>.debug_aranges</name>
         <load_address>0x240</load_address>
         <run_address>0x240</run_address>
         <size>0x28</size>
         <input_file_ref idref="fl-5"/>
      </object_component>
      <object_component id="oc-5c">
         <name>.debug_aranges</name>
         <load_address>0x268</load_address>
         <run_address>0x268</run_address>
         <size>0x20</size>
         <input_file_ref idref="fl-6"/>
      </object_component>
      <object_component id="oc-61">
         <name>.debug_aranges</name>
         <load_address>0x288</load_address>
         <run_address>0x288</run_address>
         <size>0x48</size>
         <input_file_ref idref="fl-7"/>
      </object_component>
      <object_component id="oc-66">
         <name>.debug_aranges</name>
         <load_address>0x2d0</load_address>
         <run_address>0x2d0</run_address>
         <size>0x20</size>
         <input_file_ref idref="fl-8"/>
      </object_component>
      <object_component id="oc-6b">
         <name>.debug_aranges</name>
         <load_address>0x2f0</load_address>
         <run_address>0x2f0</run_address>
         <size>0x20</size>
         <input_file_ref idref="fl-9"/>
      </object_component>
      <object_component id="oc-70">
         <name>.debug_aranges</name>
         <load_address>0x310</load_address>
         <run_address>0x310</run_address>
         <size>0x20</size>
         <input_file_ref idref="fl-a"/>
      </object_component>
      <object_component id="oc-78">
         <name>.debug_aranges</name>
         <load_address>0x330</load_address>
         <run_address>0x330</run_address>
         <size>0x48</size>
         <input_file_ref idref="fl-b"/>
      </object_component>
      <object_component id="oc-7d">
         <name>.debug_aranges</name>
         <load_address>0x378</load_address>
         <run_address>0x378</run_address>
         <size>0x20</size>
         <input_file_ref idref="fl-c"/>
      </object_component>
      <object_component id="oc-85">
         <name>.debug_aranges</name>
         <load_address>0x398</load_address>
         <run_address>0x398</run_address>
         <size>0x28</size>
         <input_file_ref idref="fl-d"/>
      </object_component>
      <object_component id="oc-8a">
         <name>.debug_aranges</name>
         <load_address>0x3c0</load_address>
         <run_address>0x3c0</run_address>
         <size>0x38</size>
         <input_file_ref idref="fl-e"/>
      </object_component>
      <object_component id="oc-91">
         <name>.debug_aranges</name>
         <load_address>0x3f8</load_address>
         <run_address>0x3f8</run_address>
         <size>0x60</size>
         <input_file_ref idref="fl-f"/>
      </object_component>
      <object_component id="oc-98">
         <name>.debug_aranges</name>
         <load_address>0x458</load_address>
         <run_address>0x458</run_address>
         <size>0x40</size>
         <input_file_ref idref="fl-10"/>
      </object_component>
      <object_component id="oc-a0">
         <name>.debug_aranges</name>
         <load_address>0x498</load_address>
         <run_address>0x498</run_address>
         <size>0x20</size>
         <input_file_ref idref="fl-11"/>
      </object_component>
      <object_component id="oc-a5">
         <name>.debug_aranges</name>
         <load_address>0x4b8</load_address>
         <run_address>0x4b8</run_address>
         <size>0x98</size>
         <input_file_ref idref="fl-12"/>
      </object_component>
      <object_component id="oc-ab">
         <name>.debug_aranges</name>
         <load_address>0x550</load_address>
         <run_address>0x550</run_address>
         <size>0x50</size>
         <input_file_ref idref="fl-13"/>
      </object_component>
      <object_component id="oc-b1">
         <name>.debug_aranges</name>
         <load_address>0x5a0</load_address>
         <run_address>0x5a0</run_address>
         <size>0x20</size>
         <input_file_ref idref="fl-25"/>
      </object_component>
      <object_component id="oc-b6">
         <name>.debug_aranges</name>
         <load_address>0x5c0</load_address>
         <run_address>0x5c0</run_address>
         <size>0x20</size>
         <input_file_ref idref="fl-26"/>
      </object_component>
      <object_component id="oc-bd">
         <name>.debug_aranges</name>
         <load_address>0x5e0</load_address>
         <run_address>0x5e0</run_address>
         <size>0x28</size>
         <input_file_ref idref="fl-27"/>
      </object_component>
      <object_component id="oc-c2">
         <name>.debug_aranges</name>
         <load_address>0x608</load_address>
         <run_address>0x608</run_address>
         <size>0x20</size>
         <input_file_ref idref="fl-28"/>
      </object_component>
      <object_component id="oc-c7">
         <name>.debug_aranges</name>
         <load_address>0x628</load_address>
         <run_address>0x628</run_address>
         <size>0x20</size>
         <input_file_ref idref="fl-29"/>
      </object_component>
      <object_component id="oc-cc">
         <name>.debug_aranges</name>
         <load_address>0x648</load_address>
         <run_address>0x648</run_address>
         <size>0x20</size>
         <input_file_ref idref="fl-2a"/>
      </object_component>
      <object_component id="oc-d1">
         <name>.debug_aranges</name>
         <load_address>0x668</load_address>
         <run_address>0x668</run_address>
         <size>0x20</size>
         <input_file_ref idref="fl-2b"/>
      </object_component>
      <object_component id="oc-d6">
         <name>.debug_aranges</name>
         <load_address>0x688</load_address>
         <run_address>0x688</run_address>
         <size>0x20</size>
         <input_file_ref idref="fl-2c"/>
      </object_component>
      <object_component id="oc-db">
         <name>.debug_aranges</name>
         <load_address>0x6a8</load_address>
         <run_address>0x6a8</run_address>
         <size>0x20</size>
         <input_file_ref idref="fl-2d"/>
      </object_component>
      <object_component id="oc-e0">
         <name>.debug_aranges</name>
         <load_address>0x6c8</load_address>
         <run_address>0x6c8</run_address>
         <size>0x20</size>
         <input_file_ref idref="fl-2e"/>
      </object_component>
      <object_component id="oc-e5">
         <name>.debug_aranges</name>
         <load_address>0x6e8</load_address>
         <run_address>0x6e8</run_address>
         <size>0x20</size>
         <input_file_ref idref="fl-2f"/>
      </object_component>
      <object_component id="oc-ea">
         <name>.debug_aranges</name>
         <load_address>0x708</load_address>
         <run_address>0x708</run_address>
         <size>0x20</size>
         <input_file_ref idref="fl-30"/>
      </object_component>
      <object_component id="oc-ef">
         <name>.debug_aranges</name>
         <load_address>0x728</load_address>
         <run_address>0x728</run_address>
         <size>0x20</size>
         <input_file_ref idref="fl-31"/>
      </object_component>
      <object_component id="oc-f4">
         <name>.debug_aranges</name>
         <load_address>0x748</load_address>
         <run_address>0x748</run_address>
         <size>0x30</size>
         <input_file_ref idref="fl-32"/>
      </object_component>
      <object_component id="oc-f9">
         <name>.debug_aranges</name>
         <load_address>0x778</load_address>
         <run_address>0x778</run_address>
         <size>0x20</size>
         <input_file_ref idref="fl-33"/>
      </object_component>
   </object_component_list>
   <logical_group_list>
      <logical_group id="lg-2" display="no" color="cyan">
         <name>.text</name>
         <load_address>0x3f8000</load_address>
         <run_address>0x3f8000</run_address>
         <size>0xc7f</size>
         <contents>
            <object_component_ref idref="oc-10d"/>
            <object_component_ref idref="oc-10e"/>
            <object_component_ref idref="oc-32"/>
            <object_component_ref idref="oc-108"/>
            <object_component_ref idref="oc-112"/>
            <object_component_ref idref="oc-100"/>
            <object_component_ref idref="oc-10c"/>
            <object_component_ref idref="oc-81"/>
            <object_component_ref idref="oc-103"/>
            <object_component_ref idref="oc-c8"/>
            <object_component_ref idref="oc-be"/>
            <object_component_ref idref="oc-9c"/>
            <object_component_ref idref="oc-cd"/>
            <object_component_ref idref="oc-2a"/>
            <object_component_ref idref="oc-10a"/>
            <object_component_ref idref="oc-107"/>
            <object_component_ref idref="oc-104"/>
            <object_component_ref idref="oc-fe"/>
            <object_component_ref idref="oc-105"/>
            <object_component_ref idref="oc-74"/>
            <object_component_ref idref="oc-fb"/>
            <object_component_ref idref="oc-d7"/>
            <object_component_ref idref="oc-106"/>
            <object_component_ref idref="oc-d2"/>
            <object_component_ref idref="oc-ff"/>
            <object_component_ref idref="oc-fd"/>
            <object_component_ref idref="oc-c3"/>
            <object_component_ref idref="oc-10b"/>
            <object_component_ref idref="oc-eb"/>
            <object_component_ref idref="oc-109"/>
            <object_component_ref idref="oc-10f"/>
            <object_component_ref idref="oc-fa"/>
            <object_component_ref idref="oc-fc"/>
         </contents>
      </logical_group>
      <logical_group id="lg-3" display="no" color="cyan">
         <name>.cinit</name>
         <load_address>0x3f8c7f</load_address>
         <run_address>0x3f8c7f</run_address>
         <size>0x3b</size>
         <contents>
            <object_component_ref idref="oc-b8"/>
            <object_component_ref idref="oc-8c"/>
            <object_component_ref idref="oc-7f"/>
            <object_component_ref idref="oc-102"/>
            <object_component_ref idref="oc-110"/>
            <object_component_ref idref="oc-93"/>
            <object_component_ref idref="oc-72"/>
            <object_component_ref idref="oc-9a"/>
         </contents>
      </logical_group>
      <logical_group id="lg-4" display="no" color="cyan">
         <name>.reset</name>
         <load_address>0x3f8cba</load_address>
         <run_address>0x3f8cba</run_address>
         <size>0x2</size>
         <contents>
            <object_component_ref idref="oc-ad"/>
         </contents>
      </logical_group>
      <logical_group id="lg-5" display="no" color="cyan">
         <name>.stack</name>
         <run_address>0x400</run_address>
         <size>0x400</size>
         <contents>
            <object_component_ref idref="oc-ac"/>
            <object_component_ref idref="oc-14b"/>
         </contents>
      </logical_group>
      <logical_group id="lg-6" display="no" color="cyan">
         <name>.bss</name>
         <run_address>0x8000</run_address>
         <size>0x0</size>
         <contents>
         </contents>
      </logical_group>
      <logical_group id="lg-7" display="no" color="cyan">
         <name>.ebss</name>
         <run_address>0x82a4</run_address>
         <size>0x40</size>
         <contents>
            <object_component_ref idref="oc-2c"/>
            <object_component_ref idref="oc-73"/>
            <object_component_ref idref="oc-80"/>
            <object_component_ref idref="oc-8d"/>
            <object_component_ref idref="oc-94"/>
            <object_component_ref idref="oc-9b"/>
            <object_component_ref idref="oc-a7"/>
            <object_component_ref idref="oc-b9"/>
            <object_component_ref idref="oc-115"/>
            <object_component_ref idref="oc-101"/>
         </contents>
      </logical_group>
      <logical_group id="lg-8" display="no" color="cyan">
         <name>.const</name>
         <run_address>0x0</run_address>
         <size>0x0</size>
         <contents>
         </contents>
      </logical_group>
      <logical_group id="lg-9" display="no" color="cyan">
         <name>.econst</name>
         <load_address>0x8000</load_address>
         <run_address>0x8000</run_address>
         <size>0x2a4</size>
         <contents>
            <object_component_ref idref="oc-113"/>
            <object_component_ref idref="oc-111"/>
            <object_component_ref idref="oc-114"/>
            <object_component_ref idref="oc-62"/>
         </contents>
      </logical_group>
      <logical_group id="lg-a" display="no" color="cyan">
         <name>.sysmem</name>
         <run_address>0x0</run_address>
         <size>0x0</size>
         <contents>
         </contents>
      </logical_group>
      <logical_group id="lg-b" display="no" color="cyan">
         <name>.esysmem</name>
         <run_address>0x0</run_address>
         <size>0x0</size>
         <contents>
         </contents>
      </logical_group>
      <logical_group id="lg-c" display="no" color="cyan">
         <name>.switch</name>
         <run_address>0x0</run_address>
         <size>0x0</size>
         <contents>
         </contents>
      </logical_group>
      <logical_group id="lg-d" display="no" color="cyan">
         <name>codestart</name>
         <run_address>0x0</run_address>
         <size>0x0</size>
         <contents>
         </contents>
      </logical_group>
      <logical_group id="lg-e" display="no" color="cyan">
         <name>run_prg</name>
         <run_address>0x0</run_address>
         <size>0x0</size>
         <contents>
         </contents>
      </logical_group>
      <logical_group id="lg-f" display="no" color="cyan">
         <name>DevEmuRegsFile</name>
         <run_address>0x880</run_address>
         <size>0xd0</size>
         <contents>
            <object_component_ref idref="oc-4f"/>
         </contents>
      </logical_group>
      <logical_group id="lg-10" display="no" color="cyan">
         <name>FlashRegsFile</name>
         <run_address>0xa80</run_address>
         <size>0x8</size>
         <contents>
            <object_component_ref idref="oc-39"/>
         </contents>
      </logical_group>
      <logical_group id="lg-11" display="no" color="cyan">
         <name>CsmRegsFile</name>
         <run_address>0xae0</run_address>
         <size>0x10</size>
         <contents>
            <object_component_ref idref="oc-40"/>
         </contents>
      </logical_group>
      <logical_group id="lg-12" display="no" color="cyan">
         <name>XintfRegsFile</name>
         <run_address>0xb20</run_address>
         <size>0x20</size>
         <contents>
            <object_component_ref idref="oc-44"/>
         </contents>
      </logical_group>
      <logical_group id="lg-13" display="no" color="cyan">
         <name>CpuTimer0RegsFile</name>
         <run_address>0xc00</run_address>
         <size>0x8</size>
         <contents>
            <object_component_ref idref="oc-3a"/>
         </contents>
      </logical_group>
      <logical_group id="lg-14" display="no" color="cyan">
         <name>CpuTimer1RegsFile</name>
         <run_address>0xc08</run_address>
         <size>0x8</size>
         <contents>
            <object_component_ref idref="oc-3b"/>
         </contents>
      </logical_group>
      <logical_group id="lg-15" display="no" color="cyan">
         <name>CpuTimer2RegsFile</name>
         <run_address>0xc10</run_address>
         <size>0x8</size>
         <contents>
            <object_component_ref idref="oc-38"/>
         </contents>
      </logical_group>
      <logical_group id="lg-16" display="no" color="cyan">
         <name>PieCtrlRegsFile</name>
         <run_address>0xce0</run_address>
         <size>0x1a</size>
         <contents>
            <object_component_ref idref="oc-43"/>
         </contents>
      </logical_group>
      <logical_group id="lg-17" display="no" color="cyan">
         <name>PieVectTableFile</name>
         <run_address>0xd00</run_address>
         <size>0x100</size>
         <contents>
            <object_component_ref idref="oc-50"/>
         </contents>
      </logical_group>
      <logical_group id="lg-18" display="no" color="cyan">
         <name>ECanaRegsFile</name>
         <run_address>0x6000</run_address>
         <size>0x34</size>
         <contents>
            <object_component_ref idref="oc-4b"/>
         </contents>
      </logical_group>
      <logical_group id="lg-19" display="no" color="cyan">
         <name>ECanaLAMRegsFile</name>
         <run_address>0x6040</run_address>
         <size>0x40</size>
         <contents>
            <object_component_ref idref="oc-4d"/>
         </contents>
      </logical_group>
      <logical_group id="lg-1a" display="no" color="cyan">
         <name>ECanaMboxesFile</name>
         <run_address>0x6100</run_address>
         <size>0x100</size>
         <contents>
            <object_component_ref idref="oc-51"/>
         </contents>
      </logical_group>
      <logical_group id="lg-1b" display="no" color="cyan">
         <name>ECanaMOTSRegsFile</name>
         <run_address>0x6080</run_address>
         <size>0x40</size>
         <contents>
            <object_component_ref idref="oc-4c"/>
         </contents>
      </logical_group>
      <logical_group id="lg-1c" display="no" color="cyan">
         <name>ECanaMOTORegsFile</name>
         <run_address>0x60c0</run_address>
         <size>0x40</size>
         <contents>
            <object_component_ref idref="oc-4e"/>
         </contents>
      </logical_group>
      <logical_group id="lg-1d" display="no" color="cyan">
         <name>SysCtrlRegsFile</name>
         <run_address>0x7010</run_address>
         <size>0x20</size>
         <contents>
            <object_component_ref idref="oc-45"/>
         </contents>
      </logical_group>
      <logical_group id="lg-1e" display="no" color="cyan">
         <name>SpiaRegsFile</name>
         <run_address>0x7040</run_address>
         <size>0x10</size>
         <contents>
            <object_component_ref idref="oc-3e"/>
         </contents>
      </logical_group>
      <logical_group id="lg-1f" display="no" color="cyan">
         <name>SciaRegsFile</name>
         <run_address>0x7050</run_address>
         <size>0x10</size>
         <contents>
            <object_component_ref idref="oc-3f"/>
         </contents>
      </logical_group>
      <logical_group id="lg-20" display="no" color="cyan">
         <name>XIntruptRegsFile</name>
         <run_address>0x7070</run_address>
         <size>0x10</size>
         <contents>
            <object_component_ref idref="oc-41"/>
         </contents>
      </logical_group>
      <logical_group id="lg-21" display="no" color="cyan">
         <name>GpioMuxRegsFile</name>
         <run_address>0x70c0</run_address>
         <size>0x20</size>
         <contents>
            <object_component_ref idref="oc-46"/>
         </contents>
      </logical_group>
      <logical_group id="lg-22" display="no" color="cyan">
         <name>GpioDataRegsFile</name>
         <run_address>0x70e0</run_address>
         <size>0x20</size>
         <contents>
            <object_component_ref idref="oc-47"/>
         </contents>
      </logical_group>
      <logical_group id="lg-23" display="no" color="cyan">
         <name>AdcRegsFile</name>
         <run_address>0x7100</run_address>
         <size>0x1a</size>
         <contents>
            <object_component_ref idref="oc-42"/>
         </contents>
      </logical_group>
      <logical_group id="lg-24" display="no" color="cyan">
         <name>EvaRegsFile</name>
         <run_address>0x7400</run_address>
         <size>0x32</size>
         <contents>
            <object_component_ref idref="oc-49"/>
         </contents>
      </logical_group>
      <logical_group id="lg-25" display="no" color="cyan">
         <name>EvbRegsFile</name>
         <run_address>0x7500</run_address>
         <size>0x32</size>
         <contents>
            <object_component_ref idref="oc-4a"/>
         </contents>
      </logical_group>
      <logical_group id="lg-26" display="no" color="cyan">
         <name>ScibRegsFile</name>
         <run_address>0x7750</run_address>
         <size>0x10</size>
         <contents>
[...]
         <value>0x3f833c</value>
         <object_component_ref idref="oc-32"/>
      </symbol>
      <symbol id="sm-103">
         <name>_SCITXINTA_ISR</name>
         <value>0x3f842c</value>
         <object_component_ref idref="oc-32"/>
      </symbol>
      <symbol id="sm-104">
         <name>_PDPINTA_ISR</name>
         <value>0x3f8373</value>
         <object_component_ref idref="oc-32"/>
      </symbol>
      <symbol id="sm-105">
         <name>_rsvd_ISR</name>
         <value>0x3f844f</value>
         <object_component_ref idref="oc-32"/>
      </symbol>
      <symbol id="sm-106">
         <name>_CAPINT1_ISR</name>
         <value>0x3f83c3</value>
         <object_component_ref idref="oc-32"/>
      </symbol>
      <symbol id="sm-140">
         <name>_PieVectTable</name>
         <value>0xd00</value>
         <object_component_ref idref="oc-50"/>
      </symbol>
      <symbol id="sm-141">
         <name>_CsmRegs</name>
         <value>0xae0</value>
         <object_component_ref idref="oc-40"/>
      </symbol>
      <symbol id="sm-142">
         <name>_ECanaLAMRegs</name>
         <value>0x6040</value>
         <object_component_ref idref="oc-4d"/>
      </symbol>
      <symbol id="sm-143">
         <name>_EvaRegs</name>
         <value>0x7400</value>
         <object_component_ref idref="oc-49"/>
      </symbol>
      <symbol id="sm-144">
         <name>_GpioMuxRegs</name>
         <value>0x70c0</value>
         <object_component_ref idref="oc-46"/>
      </symbol>
      <symbol id="sm-145">
         <name>_EvbRegs</name>
         <value>0x7500</value>
         <object_component_ref idref="oc-4a"/>
      </symbol>
      <symbol id="sm-146">
         <name>_CpuTimer1Regs</name>
         <value>0xc08</value>
         <object_component_ref idref="oc-3b"/>
      </symbol>
      <symbol id="sm-147">
         <name>_SysCtrlRegs</name>
         <value>0x7010</value>
         <object_component_ref idref="oc-45"/>
      </symbol>
      <symbol id="sm-148">
         <name>_SpiaRegs</name>
         <value>0x7040</value>
         <object_component_ref idref="oc-3e"/>
      </symbol>
      <symbol id="sm-149">
         <name>_ECanaMOTSRegs</name>
         <value>0x6080</value>
         <object_component_ref idref="oc-4c"/>
      </symbol>
      <symbol id="sm-14a">
         <name>_FlashRegs</name>
         <value>0xa80</value>
         <object_component_ref idref="oc-39"/>
      </symbol>
      <symbol id="sm-14b">
         <name>_CpuTimer0Regs</name>
         <value>0xc00</value>
         <object_component_ref idref="oc-3a"/>
      </symbol>
      <symbol id="sm-14c">
         <name>_DevEmuRegs</name>
         <value>0x880</value>
         <object_component_ref idref="oc-4f"/>
      </symbol>
      <symbol id="sm-14d">
         <name>_SciaRegs</name>
         <value>0x7050</value>
         <object_component_ref idref="oc-3f"/>
      </symbol>
      <symbol id="sm-14e">
         <name>_GpioDataRegs</name>
         <value>0x70e0</value>
         <object_component_ref idref="oc-47"/>
      </symbol>
      <symbol id="sm-14f">
         <name>_CsmPwl</name>
         <value>0x3f7ff8</value>
         <object_component_ref idref="oc-3c"/>
      </symbol>
      <symbol id="sm-150">
         <name>_AdcRegs</name>
         <value>0x7100</value>
         <object_component_ref idref="oc-42"/>
      </symbol>
      <symbol id="sm-151">
         <name>_XIntruptRegs</name>
         <value>0x7070</value>
         <object_component_ref idref="oc-41"/>
      </symbol>
      <symbol id="sm-152">
         <name>_CpuTimer2Regs</name>
         <value>0xc10</value>
         <object_component_ref idref="oc-38"/>
      </symbol>
      <symbol id="sm-153">
         <name>_PieCtrlRegs</name>
         <value>0xce0</value>
         <object_component_ref idref="oc-43"/>
      </symbol>
      <symbol id="sm-154">
         <name>_ECanaRegs</name>
         <value>0x6000</value>
         <object_component_ref idref="oc-4b"/>
      </symbol>
      <symbol id="sm-155">
         <name>_XintfRegs</name>
         <value>0xb20</value>
         <object_component_ref idref="oc-44"/>
      </symbol>
      <symbol id="sm-156">
         <name>_McbspaRegs</name>
         <value>0x7800</value>
         <object_component_ref idref="oc-48"/>
      </symbol>
      <symbol id="sm-157">
         <name>_ScibRegs</name>
         <value>0x7750</value>
         <object_component_ref idref="oc-3d"/>
      </symbol>
      <symbol id="sm-158">
         <name>_ECanaMboxes</name>
         <value>0x6100</value>
         <object_component_ref idref="oc-51"/>
      </symbol>
      <symbol id="sm-159">
         <name>_ECanaMOTORegs</name>
         <value>0x60c0</value>
         <object_component_ref idref="oc-4e"/>
      </symbol>
      <symbol id="sm-165">
         <name>_InitPieCtrl</name>
         <value>0x3f8b22</value>
         <object_component_ref idref="oc-105"/>
      </symbol>
      <symbol id="sm-166">
         <name>_EnableInterrupts</name>
         <value>0x3f8b41</value>
         <object_component_ref idref="oc-105"/>
      </symbol>
      <symbol id="sm-176">
         <name>_PieVectTableInit</name>
         <value>0x8120</value>
         <object_component_ref idref="oc-111"/>
      </symbol>
      <symbol id="sm-177">
         <name>_InitPieVectTable</name>
         <value>0x3f8bb7</value>
         <object_component_ref idref="oc-106"/>
      </symbol>
      <symbol id="sm-187">
         <name>_InitPll</name>
         <value>0x3f87c4</value>
         <object_component_ref idref="oc-103"/>
      </symbol>
      <symbol id="sm-188">
         <name>_DisableDog</name>
         <value>0x3f87bc</value>
         <object_component_ref idref="oc-103"/>
      </symbol>
      <symbol id="sm-189">
         <name>_InitPeripheralClocks</name>
         <value>0x3f87e5</value>
         <object_component_ref idref="oc-103"/>
      </symbol>
      <symbol id="sm-18a">
         <name>_KickDog</name>
         <value>0x3f87b2</value>
         <object_component_ref idref="oc-103"/>
      </symbol>
      <symbol id="sm-18b">
         <name>_CsmUnlock</name>
         <value>0x3f87ff</value>
         <object_component_ref idref="oc-103"/>
      </symbol>
      <symbol id="sm-18c">
         <name>_InitSysCtrl</name>
         <value>0x3f87aa</value>
         <object_component_ref idref="oc-103"/>
      </symbol>
      <symbol id="sm-198">
         <name>_DSP28x_usDelay</name>
         <value>0x82a0</value>
         <object_component_ref idref="oc-62"/>
      </symbol>
      <symbol id="sm-1a4">
         <name>_InitEv</name>
         <value>0x3f8c41</value>
         <object_component_ref idref="oc-10b"/>
      </symbol>
      <symbol id="sm-1b0">
         <name>_InitGpio</name>
         <value>0x3f8acb</value>
         <object_component_ref idref="oc-104"/>
      </symbol>
      <symbol id="sm-1d8">
         <name>_rsp_ACK</name>
         <value>0x3f847d</value>
         <object_component_ref idref="oc-108"/>
      </symbol>
      <symbol id="sm-1d9">
         <name>_decodeSciCmd</name>
         <value>0x3f84d6</value>
         <object_component_ref idref="oc-108"/>
      </symbol>
      <symbol id="sm-1da">
         <name>_ack_send</name>
         <value>0x3f84aa</value>
         <object_component_ref idref="oc-108"/>
      </symbol>
      <symbol id="sm-1db">
         <name>_ReceiceData</name>
         <value>0x3f8517</value>
         <object_component_ref idref="oc-108"/>
      </symbol>
      <symbol id="sm-1dc">
         <name>_SCIRXINTA_ISR</name>
         <value>0x3f8b4a</value>
         <object_component_ref idref="oc-74"/>
      </symbol>
      <symbol id="sm-1dd">
         <name>_InitSci</name>
         <value>0x3f8454</value>
         <object_component_ref idref="oc-108"/>
      </symbol>
      <symbol id="sm-1e9">
         <name>_InitSpi</name>
         <value>0x3f8c64</value>
         <object_component_ref idref="oc-109"/>
      </symbol>
      <symbol id="sm-201">
         <name>_adcPD</name>
         <value>0x82c2</value>
         <object_component_ref idref="oc-80"/>
      </symbol>
      <symbol id="sm-202">
         <name>_InitAdc</name>
         <value>0x3f8a33</value>
         <object_component_ref idref="oc-10a"/>
      </symbol>
      <symbol id="sm-203">
         <name>_ADCINT_ISR</name>
         <value>0x3f8723</value>
         <object_component_ref idref="oc-81"/>
      </symbol>
      <symbol id="sm-204">
         <name>_adcFLAG</name>
         <value>0x82c0</value>
         <object_component_ref idref="oc-80"/>
      </symbol>
      <symbol id="sm-218">
         <name>_cfg_t5638</name>
         <value>0x3f86cf</value>
         <object_component_ref idref="oc-10c"/>
      </symbol>
      <symbol id="sm-219">
         <name>_wr_t5638</name>
         <value>0x3f8696</value>
         <object_component_ref idref="oc-10c"/>
      </symbol>
      <symbol id="sm-21a">
         <name>_wr_2chip</name>
         <value>0x3f86fa</value>
         <object_component_ref idref="oc-10c"/>
      </symbol>
      <symbol id="sm-21b">
         <name>_volt2Code</name>
         <value>0x3f86e6</value>
         <object_component_ref idref="oc-10c"/>
      </symbol>
      <symbol id="sm-254">
         <name>_DispOLED</name>
         <value>0x3f8000</value>
         <object_component_ref idref="oc-10d"/>
      </symbol>
      <symbol id="sm-255">
         <name>_RelaxTrig</name>
         <value>0x3f818d</value>
         <object_component_ref idref="oc-10d"/>
      </symbol>
      <symbol id="sm-256">
         <name>_HoldTrig</name>
         <value>0x3f8142</value>
         <object_component_ref idref="oc-10d"/>
      </symbol>
      <symbol id="sm-257">
         <name>_LasFall</name>
         <value>0x3f810e</value>
         <object_component_ref idref="oc-10d"/>
      </symbol>
      <symbol id="sm-258">
         <name>_PressTrig</name>
         <value>0x3f8167</value>
         <object_component_ref idref="oc-10d"/>
      </symbol>
      <symbol id="sm-259">
         <name>_LasFreq</name>
         <value>0x3f8096</value>
         <object_component_ref idref="oc-10d"/>
      </symbol>
      <symbol id="sm-25a">
         <name>_LasRise</name>
         <value>0x3f80e8</value>
         <object_component_ref idref="oc-10d"/>
      </symbol>
      <symbol id="sm-25b">
         <name>_ModuRed</name>
         <value>0x3f800b</value>
         <object_component_ref idref="oc-10d"/>
      </symbol>
      <symbol id="sm-25c">
         <name>_FreeTrig</name>
         <value>0x3f812e</value>
         <object_component_ref idref="oc-10d"/>
      </symbol>
      <symbol id="sm-283">
         <name>_main</name>
         <value>0x3f85de</value>
         <object_component_ref idref="oc-100"/>
      </symbol>
      <symbol id="sm-284">
         <name>_work</name>
         <value>0x3f8628</value>
         <object_component_ref idref="oc-100"/>
      </symbol>
      <symbol id="sm-285">
         <name>_isKeyFixed</name>
         <value>0x3f8652</value>
         <object_component_ref idref="oc-100"/>
      </symbol>
      <symbol id="sm-286">
         <name>_init_state</name>
         <value>0x3f8643</value>
         <object_component_ref idref="oc-100"/>
      </symbol>
      <symbol id="sm-287">
         <name>_check_keystate</name>
         <value>0x3f867e</value>
         <object_component_ref idref="oc-100"/>
      </symbol>
      <symbol id="sm-2a1">
         <name>_tmCount</name>
         <value>0x82e1</value>
         <object_component_ref idref="oc-9b"/>
      </symbol>
      <symbol id="sm-2a2">
         <name>_TINT0_ISR</name>
         <value>0x3f892b</value>
         <object_component_ref idref="oc-9c"/>
      </symbol>
      <symbol id="sm-2a3">
         <name>_mFlag</name>
         <value>0x82e0</value>
         <object_component_ref idref="oc-9b"/>
      </symbol>
      <symbol id="sm-2c7">
         <name>_oled_on</name>
         <value>0x3f827d</value>
         <object_component_ref idref="oc-10e"/>
      </symbol>
      <symbol id="sm-2c8">
         <name>_write_data</name>
         <value>0x3f8246</value>
         <object_component_ref idref="oc-10e"/>
      </symbol>
      <symbol id="sm-2c9">
         <name>_com_header</name>
         <value>0x3f822c</value>
         <object_component_ref idref="oc-10e"/>
      </symbol>
      <symbol id="sm-2ca">
         <name>_write_cmd</name>
         <value>0x3f8234</value>
         <object_component_ref idref="oc-10e"/>
      </symbol>
      <symbol id="sm-2cb">
         <name>_oled_drawBMP</name>
         <value>0x3f82ea</value>
         <object_component_ref idref="oc-10e"/>
      </symbol>
      <symbol id="sm-2cc">
         <name>_send_byte</name>
         <value>0x3f81d6</value>
         <object_component_ref idref="oc-10e"/>
      </symbol>
      <symbol id="sm-2cd">
         <name>_BMP</name>
         <value>0x8220</value>
         <object_component_ref idref="oc-114"/>
      </symbol>
      <symbol id="sm-2ce">
         <name>_iic_stop</name>
         <value>0x3f81b0</value>
         <object_component_ref idref="oc-10e"/>
      </symbol>
      <symbol id="sm-2cf">
         <name>_oled_init</name>
         <value>0x3f82b1</value>
         <object_component_ref idref="oc-10e"/>
      </symbol>
      <symbol id="sm-2d0">
         <name>_oled_clear</name>
         <value>0x3f8297</value>
         <object_component_ref idref="oc-10e"/>
      </symbol>
      <symbol id="sm-2d1">
         <name>_iic_start</name>
         <value>0x3f8198</value>
         <object_component_ref idref="oc-10e"/>
      </symbol>
      <symbol id="sm-2d2">
         <name>_set_position</name>
         <value>0x3f826a</value>
         <object_component_ref idref="oc-10e"/>
      </symbol>
      <symbol id="sm-2d3">
         <name>_send_byte_inv</name>
         <value>0x3f8201</value>
         <object_component_ref idref="oc-10e"/>
      </symbol>
      <symbol id="sm-2d4">
         <name>_oled_showChinese</name>
         <value>0x3f82b6</value>
         <object_component_ref idref="oc-10e"/>
      </symbol>
      <symbol id="sm-2d5">
         <name>_oled_off</name>
         <value>0x3f828d</value>
         <object_component_ref idref="oc-10e"/>
      </symbol>
      <symbol id="sm-2d6">
         <name>_write_data_inv</name>
         <value>0x3f8258</value>
         <object_component_ref idref="oc-10e"/>
      </symbol>
      <symbol id="sm-2d7">
         <name>_iic_ack</name>
         <value>0x3f81c5</value>
         <object_component_ref idref="oc-10e"/>
      </symbol>
      <symbol id="sm-2d8">
         <name>_CNch</name>
         <value>0x8000</value>
         <object_component_ref idref="oc-113"/>
      </symbol>
      <symbol id="sm-2f8">
         <name>_wk_pilot</name>
         <value>0x3f8584</value>
         <object_component_ref idref="oc-112"/>
      </symbol>
      <symbol id="sm-2f9">
         <name>_drawSolidFrame</name>
         <value>0x3f853c</value>
         <object_component_ref idref="oc-112"/>
      </symbol>
      <symbol id="sm-2fa">
         <name>_wk_power</name>
         <value>0x3f85a8</value>
         <object_component_ref idref="oc-112"/>
      </symbol>
      <symbol id="sm-2fb">
         <name>_wk_disable</name>
         <value>0x3f856b</value>
         <object_component_ref idref="oc-112"/>
      </symbol>
      <symbol id="sm-2fc">
         <name>_wk_startup</name>
         <value>0x3f854a</value>
         <object_component_ref idref="oc-112"/>
      </symbol>
      <symbol id="sm-2fd">
         <name>_wk_norefl</name>
         <value>0x3f8594</value>
         <object_component_ref idref="oc-112"/>
      </symbol>
      <symbol id="sm-2fe">
         <name>_drawDottedFrame</name>
         <value>0x3f8525</value>
         <object_component_ref idref="oc-112"/>
      </symbol>
      <symbol id="sm-319">
         <name>_c_int00</name>
         <value>0x3f89df</value>
         <object_component_ref idref="oc-2a"/>
      </symbol>
      <symbol id="sm-31a">
         <name>__stack</name>
         <value>0x400</value>
         <object_component_ref idref="oc-ac"/>
      </symbol>
      <symbol id="sm-329">
         <name>_copy_in</name>
         <value>0x3f8b72</value>
         <object_component_ref idref="oc-fb"/>
      </symbol>
      <symbol id="sm-33d">
         <name>C$$EXIT</name>
         <value>0x3f8af9</value>
         <object_component_ref idref="oc-fe"/>
      </symbol>
      <symbol id="sm-33e">
         <name>_exit</name>
         <value>0x3f8afb</value>
         <object_component_ref idref="oc-fe"/>
      </symbol>
      <symbol id="sm-33f">
         <name>___TI_cleanup_ptr</name>
         <value>0x82d6</value>
         <object_component_ref idref="oc-b9"/>
      </symbol>
      <symbol id="sm-340">
         <name>___TI_enable_exit_profile_output</name>
         <value>0x82d4</value>
         <object_component_ref idref="oc-b9"/>
      </symbol>
      <symbol id="sm-341">
         <name>_abort</name>
         <value>0x3f8af9</value>
         <object_component_ref idref="oc-fe"/>
      </symbol>
      <symbol id="sm-342">
         <name>___TI_dtors_ptr</name>
         <value>0x82d8</value>
         <object_component_ref idref="oc-b9"/>
      </symbol>
      <symbol id="sm-35c">
         <name>FS$$ADD</name>
         <value>0x3f88b8</value>
         <object_component_ref idref="oc-be"/>
      </symbol>
      <symbol id="sm-35d">
         <name>FS$$SUB</name>
         <value>0x3f88b3</value>
         <object_component_ref idref="oc-be"/>
      </symbol>
      <symbol id="sm-36f">
         <name>FS$$CMP</name>
         <value>0x3f8c2a</value>
         <object_component_ref idref="oc-c3"/>
      </symbol>
      <symbol id="sm-380">
         <name>FS$$DIV</name>
         <value>0x3f8830</value>
         <object_component_ref idref="oc-c8"/>
      </symbol>
      <symbol id="sm-391">
         <name>FS$$MPY</name>
         <value>0x3f8985</value>
         <object_component_ref idref="oc-cd"/>
      </symbol>
      <symbol id="sm-3a2">
         <name>FS$$TOU</name>
         <value>0x3f8bd7</value>
         <object_component_ref idref="oc-d2"/>
      </symbol>
      <symbol id="sm-3b3">
         <name>FS$$TOUL</name>
         <value>0x3f8b96</value>
         <object_component_ref idref="oc-d7"/>
      </symbol>
      <symbol id="sm-3c4">
         <name>_memcpy</name>
         <value>0x3f8bf4</value>
         <object_component_ref idref="oc-ff"/>
      </symbol>
      <symbol id="sm-3d0">
         <name>__system_pre_init</name>
         <value>0x3f8c7c</value>
         <object_component_ref idref="oc-fa"/>
      </symbol>
      <symbol id="sm-3dc">
         <name>__system_post_cinit</name>
         <value>0x3f8c7e</value>
         <object_component_ref idref="oc-fc"/>
      </symbol>
      <symbol id="sm-3ea">
         <name>U$$TOFS</name>
         <value>0x3f8c54</value>
         <object_component_ref idref="oc-eb"/>
      </symbol>
      <symbol id="sm-3fe">
         <name>__unlock</name>
         <value>0x82de</value>
         <object_component_ref idref="oc-115"/>
      </symbol>
      <symbol id="sm-3ff">
         <name>__lock</name>
         <value>0x82be</value>
         <object_component_ref idref="oc-101"/>
      </symbol>
      <symbol id="sm-400">
         <name>__register_lock</name>
         <value>0x3f8c77</value>
         <object_component_ref idref="oc-10f"/>
      </symbol>
      <symbol id="sm-401">
         <name>__nop</name>
         <value>0x3f8c7b</value>
         <object_component_ref idref="oc-10f"/>
      </symbol>
      <symbol id="sm-402">
         <name>__register_unlock</name>
         <value>0x3f8c73</value>
         <object_component_ref idref="oc-10f"/>
      </symbol>
      <symbol id="sm-411">
         <name>__args_main</name>
         <value>0x3f8c11</value>
         <object_component_ref idref="oc-fd"/>
      </symbol>
      <symbol id="sm-414">
         <name>_ReceiveData</name>
         <value>0x0</value>
      </symbol>
   </symbol_table>
   <title>Link errors: red sections failed placement</title>
</link_info>
